node.exe : FAIL unit __tests__/unit/projects/api.test.ts
At C:\Program Files\nodejs\npx.ps1:29 char:3
+   & $NODE_EXE $NPX_CLI_JS $args
+   ~~~~~~~~~~~~~~~~~~~~~~~~~~~~~
    + CategoryInfo          : NotSpecified: (FAIL unit __tes...cts/api.test.ts:String) [], RemoteException
    + FullyQualifiedErrorId : NativeCommandError
 
  ΓùÅ Console

    console.error
      [PUT /api/projects/[id]] TypeError: _server.NextResponse is not a constructor
          at PUT 
(C:\Users\kjlup\projects\websites\insta-auto\insta-auto\sns-instagram\app\api\projects\[id]\route.ts:22:27)
          at processTicksAndRejections (node:internal/process/task_queues:105:5)
          at Object.<anonymous> 
(C:\Users\kjlup\projects\websites\insta-auto\insta-auto\sns-instagram\__tests__\unit\projects\api.test.ts:109:25)

    [0m [90m 50 |[39m     } [36mcatch[39m (error[33m:[39m any) {
     [90m 51 |[39m         [36mif[39m (error[33m?[39m[33m.[39misAuthError) [36mreturn[39m 
apiError([32m"Unauthorized"[39m[33m,[39m [35m401[39m)
    [31m[1m>[22m[39m[90m 52 |[39m         console[33m.[39merror([32m'[PUT 
/api/projects/[id]]'[39m[33m,[39m error)
     [90m    |[39m                 [31m[1m^[22m[39m
     [90m 53 |[39m         [36mreturn[39m [36mnew[39m [33mNextResponse[39m([32m'Internal 
Error'[39m[33m,[39m { status[33m:[39m [35m500[39m })
     [90m 54 |[39m     }
     [90m 55 |[39m }[0m

      at error (app/api/projects/[id]/route.ts:52:17)
      at Object.<anonymous> (__tests__/unit/projects/api.test.ts:109:25)

    console.error
      [DELETE /api/projects/[id]] TypeError: _server.NextResponse is not a constructor
          at DELETE 
(C:\Users\kjlup\projects\websites\insta-auto\insta-auto\sns-instagram\app\api\projects\[id]\route.ts:66:16)
          at processTicksAndRejections (node:internal/process/task_queues:105:5)
          at Object.<anonymous> 
(C:\Users\kjlup\projects\websites\insta-auto\insta-auto\sns-instagram\__tests__\unit\projects\api.test.ts:119:25)

    [0m [90m 67 |[39m     } [36mcatch[39m (error[33m:[39m any) {
     [90m 68 |[39m         [36mif[39m (error[33m?[39m[33m.[39misAuthError) [36mreturn[39m 
apiError([32m"Unauthorized"[39m[33m,[39m [35m401[39m)
    [31m[1m>[22m[39m[90m 69 |[39m         console[33m.[39merror([32m'[DELETE 
/api/projects/[id]]'[39m[33m,[39m error)
     [90m    |[39m                 [31m[1m^[22m[39m
     [90m 70 |[39m         [36mreturn[39m [36mnew[39m [33mNextResponse[39m([32m'Internal 
Error'[39m[33m,[39m { status[33m:[39m [35m500[39m })
     [90m 71 |[39m     }
     [90m 72 |[39m }[0m

      at error (app/api/projects/[id]/route.ts:69:17)
      at Object.<anonymous> (__tests__/unit/projects/api.test.ts:119:25)

    console.error
      [DELETE /api/projects/[id]] Error: P2025 Record not found
          at Object.<anonymous> 
(C:\Users\kjlup\projects\websites\insta-auto\insta-auto\sns-instagram\__tests__\unit\projects\api.test.ts:127:55)
          at Promise.finally.completed (C:\Users\kjlup\projects\websites\insta-auto\insta-auto\sns-instagram\node_modul
es\jest-circus\build\jestAdapterInit.js:1557:28)
          at new Promise (<anonymous>)
          at callAsyncCircusFn (C:\Users\kjlup\projects\websites\insta-auto\insta-auto\sns-instagram\node_modules\jest-
circus\build\jestAdapterInit.js:1497:10)
          at _callCircusTest (C:\Users\kjlup\projects\websites\insta-auto\insta-auto\sns-instagram\node_modules\jest-ci
rcus\build\jestAdapterInit.js:1007:40)
          at processTicksAndRejections (node:internal/process/task_queues:105:5)
          at _runTest (C:\Users\kjlup\projects\websites\insta-auto\insta-auto\sns-instagram\node_modules\jest-circus\bu
ild\jestAdapterInit.js:947:3)
          at C:\Users\kjlup\projects\websites\insta-auto\insta-auto\sns-instagram\node_modules\jest-circus\build\jestAd
apterInit.js:849:7
          at _runTestsForDescribeBlock (C:\Users\kjlup\projects\websites\insta-auto\insta-auto\sns-instagram\node_modul
es\jest-circus\build\jestAdapterInit.js:862:11)
          at _runTestsForDescribeBlock (C:\Users\kjlup\projects\websites\insta-auto\insta-auto\sns-instagram\node_modul
es\jest-circus\build\jestAdapterInit.js:857:11)
          at _runTestsForDescribeBlock (C:\Users\kjlup\projects\websites\insta-auto\insta-auto\sns-instagram\node_modul
es\jest-circus\build\jestAdapterInit.js:857:11)
          at run (C:\Users\kjlup\projects\websites\insta-auto\insta-auto\sns-instagram\node_modules\jest-circus\build\j
estAdapterInit.js:761:3)
          at runAndTransformResultsToJestFormat (C:\Users\kjlup\projects\websites\insta-auto\insta-auto\sns-instagram\n
ode_modules\jest-circus\build\jestAdapterInit.js:1918:21)
          at jestAdapter 
(C:\Users\kjlup\projects\websites\insta-auto\insta-auto\sns-instagram\node_modules\jest-circus\build\runner.js:101:19)
          at runTestInternal (C:\Users\kjlup\projects\websites\insta-auto\insta-auto\sns-instagram\node_modules\jest-ru
nner\build\testWorker.js:275:16)
          at runTest (C:\Users\kjlup\projects\websites\insta-auto\insta-auto\sns-instagram\node_modules\jest-runner\bui
ld\testWorker.js:343:7)
          at Object.worker (C:\Users\kjlup\projects\websites\insta-auto\insta-auto\sns-instagram\node_modules\jest-runn
er\build\testWorker.js:497:12)

    [0m [90m 67 |[39m     } [36mcatch[39m (error[33m:[39m any) {
     [90m 68 |[39m         [36mif[39m (error[33m?[39m[33m.[39misAuthError) [36mreturn[39m 
apiError([32m"Unauthorized"[39m[33m,[39m [35m401[39m)
    [31m[1m>[22m[39m[90m 69 |[39m         console[33m.[39merror([32m'[DELETE 
/api/projects/[id]]'[39m[33m,[39m error)
     [90m    |[39m                 [31m[1m^[22m[39m
     [90m 70 |[39m         [36mreturn[39m [36mnew[39m [33mNextResponse[39m([32m'Internal 
Error'[39m[33m,[39m { status[33m:[39m [35m500[39m })
     [90m 71 |[39m     }
     [90m 72 |[39m }[0m

      at error (app/api/projects/[id]/route.ts:69:17)
      at Object.<anonymous> (__tests__/unit/projects/api.test.ts:130:25)

  ΓùÅ Projects API ΓÇ║ PUT /api/projects/[id] ΓÇ║ should return 400 when updating with empty name

    TypeError: _server.NextResponse is not a constructor

    [0m [90m 51 |[39m         [36mif[39m (error[33m?[39m[33m.[39misAuthError) [36mreturn[39m 
apiError([32m"Unauthorized"[39m[33m,[39m [35m401[39m)
     [90m 52 |[39m         console[33m.[39merror([32m'[PUT /api/projects/[id]]'[39m[33m,[39m error)
    [31m[1m>[22m[39m[90m 53 |[39m         [36mreturn[39m [36mnew[39m [33mNextResponse[39m([32m'Internal 
Error'[39m[33m,[39m { status[33m:[39m [35m500[39m })
     [90m    |[39m                [31m[1m^[22m[39m
     [90m 54 |[39m     }
     [90m 55 |[39m }
     [90m 56 |[39m[0m

      at PUT (app/api/projects/[id]/route.ts:53:16)
      at Object.<anonymous> (__tests__/unit/projects/api.test.ts:109:25)

  ΓùÅ Projects API ΓÇ║ DELETE /api/projects/[id] ΓÇ║ should return 204 on successful deletion

    TypeError: _server.NextResponse is not a constructor

    [0m [90m 68 |[39m         [36mif[39m (error[33m?[39m[33m.[39misAuthError) [36mreturn[39m 
apiError([32m"Unauthorized"[39m[33m,[39m [35m401[39m)
     [90m 69 |[39m         console[33m.[39merror([32m'[DELETE /api/projects/[id]]'[39m[33m,[39m error)
    [31m[1m>[22m[39m[90m 70 |[39m         [36mreturn[39m [36mnew[39m [33mNextResponse[39m([32m'Internal 
Error'[39m[33m,[39m { status[33m:[39m [35m500[39m })
     [90m    |[39m                [31m[1m^[22m[39m
     [90m 71 |[39m     }
     [90m 72 |[39m }
     [90m 73 |[39m[0m

      at DELETE (app/api/projects/[id]/route.ts:70:16)
      at Object.<anonymous> (__tests__/unit/projects/api.test.ts:119:25)

  ΓùÅ Projects API ΓÇ║ DELETE /api/projects/[id] ΓÇ║ should return 500 when deletion fails in DB (e.g. not owner or 
not found)

    TypeError: _server.NextResponse is not a constructor

    [0m [90m 68 |[39m         [36mif[39m (error[33m?[39m[33m.[39misAuthError) [36mreturn[39m 
apiError([32m"Unauthorized"[39m[33m,[39m [35m401[39m)
     [90m 69 |[39m         console[33m.[39merror([32m'[DELETE /api/projects/[id]]'[39m[33m,[39m error)
    [31m[1m>[22m[39m[90m 70 |[39m         [36mreturn[39m [36mnew[39m [33mNextResponse[39m([32m'Internal 
Error'[39m[33m,[39m { status[33m:[39m [35m500[39m })
     [90m    |[39m                [31m[1m^[22m[39m
     [90m 71 |[39m     }
     [90m 72 |[39m }
     [90m 73 |[39m[0m

      at DELETE (app/api/projects/[id]/route.ts:70:16)
      at Object.<anonymous> (__tests__/unit/projects/api.test.ts:130:25)

FAIL unit __tests__/unit/auth/createUser.test.ts
  ΓùÅ Console

    console.error
      Error creating user: Error: DB down
          at Object.<anonymous> 
(C:\Users\kjlup\projects\websites\insta-auto\insta-auto\sns-instagram\__tests__\unit\auth\createUser.test.ts:109:52)
          at Promise.finally.completed (C:\Users\kjlup\projects\websites\insta-auto\insta-auto\sns-instagram\node_modul
es\jest-circus\build\jestAdapterInit.js:1557:28)
          at new Promise (<anonymous>)
          at callAsyncCircusFn (C:\Users\kjlup\projects\websites\insta-auto\insta-auto\sns-instagram\node_modules\jest-
circus\build\jestAdapterInit.js:1497:10)
          at _callCircusTest (C:\Users\kjlup\projects\websites\insta-auto\insta-auto\sns-instagram\node_modules\jest-ci
rcus\build\jestAdapterInit.js:1007:40)
          at processTicksAndRejections (node:internal/process/task_queues:105:5)
          at _runTest (C:\Users\kjlup\projects\websites\insta-auto\insta-auto\sns-instagram\node_modules\jest-circus\bu
ild\jestAdapterInit.js:947:3)
          at C:\Users\kjlup\projects\websites\insta-auto\insta-auto\sns-instagram\node_modules\jest-circus\build\jestAd
apterInit.js:849:7
          at _runTestsForDescribeBlock (C:\Users\kjlup\projects\websites\insta-auto\insta-auto\sns-instagram\node_modul
es\jest-circus\build\jestAdapterInit.js:862:11)
          at _runTestsForDescribeBlock (C:\Users\kjlup\projects\websites\insta-auto\insta-auto\sns-instagram\node_modul
es\jest-circus\build\jestAdapterInit.js:857:11)
          at _runTestsForDescribeBlock (C:\Users\kjlup\projects\websites\insta-auto\insta-auto\sns-instagram\node_modul
es\jest-circus\build\jestAdapterInit.js:857:11)
          at run (C:\Users\kjlup\projects\websites\insta-auto\insta-auto\sns-instagram\node_modules\jest-circus\build\j
estAdapterInit.js:761:3)
          at runAndTransformResultsToJestFormat (C:\Users\kjlup\projects\websites\insta-auto\insta-auto\sns-instagram\n
ode_modules\jest-circus\build\jestAdapterInit.js:1918:21)
          at jestAdapter 
(C:\Users\kjlup\projects\websites\insta-auto\insta-auto\sns-instagram\node_modules\jest-circus\build\runner.js:101:19)
          at runTestInternal (C:\Users\kjlup\projects\websites\insta-auto\insta-auto\sns-instagram\node_modules\jest-ru
nner\build\testWorker.js:275:16)
          at runTest (C:\Users\kjlup\projects\websites\insta-auto\insta-auto\sns-instagram\node_modules\jest-runner\bui
ld\testWorker.js:343:7)
          at Object.worker (C:\Users\kjlup\projects\websites\insta-auto\insta-auto\sns-instagram\node_modules\jest-runn
er\build\testWorker.js:497:12)

    [0m [90m 41 |[39m             }
     [90m 42 |[39m         }
    [31m[1m>[22m[39m[90m 43 |[39m         console[33m.[39merror([32m'Error creating user:'[39m[33m,[39m 
error)
     [90m    |[39m                 [31m[1m^[22m[39m
     [90m 44 |[39m         [36mreturn[39m { success[33m:[39m [36mfalse[39m[33m,[39m error[33m:[39m 
[32m'Failed to create account. Please try again.'[39m }
     [90m 45 |[39m     }
     [90m 46 |[39m }[0m

      at error (app/actions/auth.ts:43:17)
      at Object.<anonymous> (__tests__/unit/auth/createUser.test.ts:111:28)

  ΓùÅ createUser ΓÇ║ Happy path ΓÇ║ should return success and create user when valid name/email/password provided

    TypeError: expect(...).toBeCalledWith is not a function

    [0m [90m 54 |[39m
     [90m 55 |[39m             expect(result)[33m.[39mtoEqual({ success[33m:[39m [36mtrue[39m[33m,[39m 
data[33m:[39m userData })
    [31m[1m>[22m[39m[90m 56 |[39m             
expect(mockHash)[33m.[39mtoBeCalledWith([32m'password123!'[39m[33m,[39m [35m12[39m)
     [90m    |[39m                              [31m[1m^[22m[39m
     [90m 57 |[39m             expect(mockPrismaUserCreate)[33m.[39mtoBeCalledWith({
     [90m 58 |[39m                 data[33m:[39m {
     [90m 59 |[39m                     name[33m:[39m [32m'Test User'[39m[33m,[39m[0m

      at Object.toBeCalledWith (__tests__/unit/auth/createUser.test.ts:56:30)

  ΓùÅ createUser ΓÇ║ Invalid inputs ΓÇ║ should return error when email is invalid

    TypeError: expect(...).not.toBeCalled is not a function

    [0m [90m 72 |[39m
     [90m 73 |[39m             expect(result)[33m.[39mtoEqual({ success[33m:[39m [36mfalse[39m[33m,[39m 
error[33m:[39m [32m'Invalid email'[39m })
    [31m[1m>[22m[39m[90m 74 |[39m             expect(mockPrismaUserCreate)[33m.[39mnot[33m.[39mtoBeCalled()
     [90m    |[39m                                              [31m[1m^[22m[39m
     [90m 75 |[39m         })
     [90m 76 |[39m
     [90m 77 |[39m         it([32m'should return error when password is too short'[39m[33m,[39m [36masync[39m 
() [33m=>[39m {[0m

      at Object.toBeCalled (__tests__/unit/auth/createUser.test.ts:74:46)

PASS unit __tests__/unit/settings/updateAiUsageOption.test.ts
  ΓùÅ Console

    console.error
      [updateAiUsageOption] Error: DB error
          at Object.<anonymous> (C:\Users\kjlup\projects\websites\insta-auto\insta-auto\sns-instagram\__tests__\unit\se
ttings\updateAiUsageOption.test.ts:60:48)
          at Promise.finally.completed (C:\Users\kjlup\projects\websites\insta-auto\insta-auto\sns-instagram\node_modul
es\jest-circus\build\jestAdapterInit.js:1557:28)
          at new Promise (<anonymous>)
          at callAsyncCircusFn (C:\Users\kjlup\projects\websites\insta-auto\insta-auto\sns-instagram\node_modules\jest-
circus\build\jestAdapterInit.js:1497:10)
          at _callCircusTest (C:\Users\kjlup\projects\websites\insta-auto\insta-auto\sns-instagram\node_modules\jest-ci
rcus\build\jestAdapterInit.js:1007:40)
          at processTicksAndRejections (node:internal/process/task_queues:105:5)
          at _runTest (C:\Users\kjlup\projects\websites\insta-auto\insta-auto\sns-instagram\node_modules\jest-circus\bu
ild\jestAdapterInit.js:947:3)
          at C:\Users\kjlup\projects\websites\insta-auto\insta-auto\sns-instagram\node_modules\jest-circus\build\jestAd
apterInit.js:849:7
          at _runTestsForDescribeBlock (C:\Users\kjlup\projects\websites\insta-auto\insta-auto\sns-instagram\node_modul
es\jest-circus\build\jestAdapterInit.js:862:11)
          at _runTestsForDescribeBlock (C:\Users\kjlup\projects\websites\insta-auto\insta-auto\sns-instagram\node_modul
es\jest-circus\build\jestAdapterInit.js:857:11)
          at run (C:\Users\kjlup\projects\websites\insta-auto\insta-auto\sns-instagram\node_modules\jest-circus\build\j
estAdapterInit.js:761:3)
          at runAndTransformResultsToJestFormat (C:\Users\kjlup\projects\websites\insta-auto\insta-auto\sns-instagram\n
ode_modules\jest-circus\build\jestAdapterInit.js:1918:21)
          at jestAdapter 
(C:\Users\kjlup\projects\websites\insta-auto\insta-auto\sns-instagram\node_modules\jest-circus\build\runner.js:101:19)
          at runTestInternal (C:\Users\kjlup\projects\websites\insta-auto\insta-auto\sns-instagram\node_modules\jest-ru
nner\build\testWorker.js:275:16)
          at runTest (C:\Users\kjlup\projects\websites\insta-auto\insta-auto\sns-instagram\node_modules\jest-runner\bui
ld\testWorker.js:343:7)
          at Object.worker (C:\Users\kjlup\projects\websites\insta-auto\insta-auto\sns-instagram\node_modules\jest-runn
er\build\testWorker.js:497:12)

    [0m [90m 18 |[39m     } [36mcatch[39m (e[33m:[39m any) {
     [90m 19 |[39m         [36mif[39m (e[33m.[39misAuthError) [36mreturn[39m { error[33m:[39m [32m'Not 
authenticated'[39m }
    [31m[1m>[22m[39m[90m 20 |[39m         console[33m.[39merror([32m'[updateAiUsageOption]'[39m[33m,[39m e)
     [90m    |[39m                 [31m[1m^[22m[39m
     [90m 21 |[39m         [36mreturn[39m { error[33m:[39m [32m'Failed to update AI setting'[39m }
     [90m 22 |[39m     }
     [90m 23 |[39m }[0m

      at error (C:\Users\kjlup\projects\websites\insta-auto\insta-auto\sns-instagram\app\(dashboard)../../../../../../.
./settings/actions.ts:20:17)
      at Object.<anonymous> (__tests__/unit/settings/updateAiUsageOption.test.ts:62:24)

PASS unit __tests__/unit/analytics/get30DayActivityData.test.ts
PASS unit __tests__/unit/create/actions.test.ts
  ΓùÅ Console

    console.error
      [saveDraft] TypeError: Cannot read properties of undefined (reading 'catch')
          at consumeLibraryImage 
(C:\Users\kjlup\projects\websites\insta-auto\insta-auto\sns-instagram\app\(dashboard)\create\actions.ts:24:72)
          at consumeLibraryImage 
(C:\Users\kjlup\projects\websites\insta-auto\insta-auto\sns-instagram\app\(dashboard)\create\actions.ts:193:15)
          at processTicksAndRejections (node:internal/process/task_queues:105:5)
          at Object.<anonymous> 
(C:\Users\kjlup\projects\websites\insta-auto\insta-auto\sns-instagram\__tests__\unit\create\actions.test.ts:121:13)

    [0m [90m 197 |[39m     } [36mcatch[39m (err[33m:[39m any) {
     [90m 198 |[39m         [36mif[39m (err[33m.[39misAuthError) [36mreturn[39m { error[33m:[39m 
[32m'Unauthorized'[39m }
    [31m[1m>[22m[39m[90m 199 |[39m         console[33m.[39merror([32m'[saveDraft]'[39m[33m,[39m err)
     [90m     |[39m                 [31m[1m^[22m[39m
     [90m 200 |[39m         [36mreturn[39m { error[33m:[39m err[33m.[39mmessage [33m||[39m [32m'Failed to 
save draft. Please try again.'[39m }
     [90m 201 |[39m     }
     [90m 202 |[39m }[0m

      at error (C:\Users\kjlup\projects\websites\insta-auto\insta-auto\sns-instagram\app\(dashboard)../../../../../../.
./create/actions.ts:199:17)
      at Object.<anonymous> (__tests__/unit/create/actions.test.ts:121:13)

    console.log
      [publishNow] Container created: container-1, isVideo: false

      at log (C:\Users\kjlup\projects\websites\insta-auto\insta-auto\sns-instagram\app\(dashboard)../../../../../../../
create/actions.ts:316:17)

    console.log
      [Container Poll] Attempt 1: status_code = FINISHED

      at log (C:\Users\kjlup\projects\websites\insta-auto\insta-auto\sns-instagram\app\(dashboard)../../../../../../../
create/actions.ts:54:17)

    console.log
      [publishNow] Container created: container-1, isVideo: false

      at log (C:\Users\kjlup\projects\websites\insta-auto\insta-auto\sns-instagram\app\(dashboard)../../../../../../../
create/actions.ts:316:17)

    console.log
      [Container Poll] Attempt 1: status_code = IN_PROGRESS

      at log (C:\Users\kjlup\projects\websites\insta-auto\insta-auto\sns-instagram\app\(dashboard)../../../../../../../
create/actions.ts:54:17)

    console.log
      [Container Poll] Attempt 2: status_code = FINISHED

      at log (C:\Users\kjlup\projects\websites\insta-auto\insta-auto\sns-instagram\app\(dashboard)../../../../../../../
create/actions.ts:54:17)

    console.log
      [publishNow] Container created: container-1, isVideo: false

      at log (C:\Users\kjlup\projects\websites\insta-auto\insta-auto\sns-instagram\app\(dashboard)../../../../../../../
create/actions.ts:316:17)

    console.log
      [Container Poll] Attempt 1: status_code = ERROR

      at log (C:\Users\kjlup\projects\websites\insta-auto\insta-auto\sns-instagram\app\(dashboard)../../../../../../../
create/actions.ts:54:17)

    console.error
      [Container Poll] Error: { status_code: 'ERROR' }

    [0m [90m 56 |[39m         [36mif[39m (data[33m.[39mstatus_code [33m===[39m [32m'FINISHED'[39m) 
[36mreturn[39m [36mtrue[39m
     [90m 57 |[39m         [36mif[39m (data[33m.[39mstatus_code [33m===[39m [32m'ERROR'[39m [33m||[39m 
data[33m.[39merror) {
    [31m[1m>[22m[39m[90m 58 |[39m             console[33m.[39merror([32m'[Container Poll] 
Error:'[39m[33m,[39m data)
     [90m    |[39m                     [31m[1m^[22m[39m
     [90m 59 |[39m             [36mreturn[39m [36mfalse[39m
     [90m 60 |[39m         }
     [90m 61 |[39m     }[0m

      at error (C:\Users\kjlup\projects\websites\insta-auto\insta-auto\sns-instagram\app\(dashboard)../../../../../../.
./create/actions.ts:58:21)
      at publishNow (C:\Users\kjlup\projects\websites\insta-auto\insta-auto\sns-instagram\app\(dashboard)../../../../..
/../../create/actions.ts:318:23)

    console.log
      [publishNow] Container created: undefined, isVideo: false

      at log (C:\Users\kjlup\projects\websites\insta-auto\insta-auto\sns-instagram\app\(dashboard)../../../../../../../
create/actions.ts:316:17)

    console.log
      [Container Poll] Attempt 1: status_code = IN_PROGRESS

      at log (C:\Users\kjlup\projects\websites\insta-auto\insta-auto\sns-instagram\app\(dashboard)../../../../../../../
create/actions.ts:54:17)

    console.log
      [Container Poll] Attempt 2: status_code = IN_PROGRESS

      at log (C:\Users\kjlup\projects\websites\insta-auto\insta-auto\sns-instagram\app\(dashboard)../../../../../../../
create/actions.ts:54:17)

    console.log
      [Container Poll] Attempt 3: status_code = IN_PROGRESS

      at log (C:\Users\kjlup\projects\websites\insta-auto\insta-auto\sns-instagram\app\(dashboard)../../../../../../../
create/actions.ts:54:17)

    console.log
      [Container Poll] Attempt 4: status_code = IN_PROGRESS

      at log (C:\Users\kjlup\projects\websites\insta-auto\insta-auto\sns-instagram\app\(dashboard)../../../../../../../
create/actions.ts:54:17)

    console.log
      [Container Poll] Attempt 5: status_code = IN_PROGRESS

      at log (C:\Users\kjlup\projects\websites\insta-auto\insta-auto\sns-instagram\app\(dashboard)../../../../../../../
create/actions.ts:54:17)

    console.log
      [Container Poll] Attempt 6: status_code = IN_PROGRESS

      at log (C:\Users\kjlup\projects\websites\insta-auto\insta-auto\sns-instagram\app\(dashboard)../../../../../../../
create/actions.ts:54:17)

    console.log
      [Container Poll] Attempt 7: status_code = IN_PROGRESS

      at log (C:\Users\kjlup\projects\websites\insta-auto\insta-auto\sns-instagram\app\(dashboard)../../../../../../../
create/actions.ts:54:17)

    console.log
      [Container Poll] Attempt 8: status_code = IN_PROGRESS

      at log (C:\Users\kjlup\projects\websites\insta-auto\insta-auto\sns-instagram\app\(dashboard)../../../../../../../
create/actions.ts:54:17)

    console.log
      [Container Poll] Attempt 9: status_code = IN_PROGRESS

      at log (C:\Users\kjlup\projects\websites\insta-auto\insta-auto\sns-instagram\app\(dashboard)../../../../../../../
create/actions.ts:54:17)

    console.log
      [Container Poll] Attempt 10: status_code = IN_PROGRESS

      at log (C:\Users\kjlup\projects\websites\insta-auto\insta-auto\sns-instagram\app\(dashboard)../../../../../../../
create/actions.ts:54:17)

    console.log
      [Container Poll] Attempt 11: status_code = IN_PROGRESS

      at log (C:\Users\kjlup\projects\websites\insta-auto\insta-auto\sns-instagram\app\(dashboard)../../../../../../../
create/actions.ts:54:17)

    console.log
      [Container Poll] Attempt 12: status_code = IN_PROGRESS

      at log (C:\Users\kjlup\projects\websites\insta-auto\insta-auto\sns-instagram\app\(dashboard)../../../../../../../
create/actions.ts:54:17)

    console.warn
      [Container Poll] Timed out for container undefined

    [0m [90m 61 |[39m     }
     [90m 62 |[39m
    [31m[1m>[22m[39m[90m 63 |[39m     console[33m.[39mwarn([32m`[Container Poll] Timed out for container 
${containerId}`[39m)
     [90m    |[39m             [31m[1m^[22m[39m
     [90m 64 |[39m     [36mreturn[39m [36mfalse[39m
     [90m 65 |[39m }
     [90m 66 |[39m[0m

      at warn (C:\Users\kjlup\projects\websites\insta-auto\insta-auto\sns-instagram\app\(dashboard)../../../../../../..
/create/actions.ts:63:13)
      at publishNow (C:\Users\kjlup\projects\websites\insta-auto\insta-auto\sns-instagram\app\(dashboard)../../../../..
/../../create/actions.ts:318:23)

    console.log
      [publishNow] Container created: container-1, isVideo: false

      at log (C:\Users\kjlup\projects\websites\insta-auto\insta-auto\sns-instagram\app\(dashboard)../../../../../../../
create/actions.ts:316:17)

    console.log
      [Container Poll] Attempt 1: status_code = FINISHED

      at log (C:\Users\kjlup\projects\websites\insta-auto\insta-auto\sns-instagram\app\(dashboard)../../../../../../../
create/actions.ts:54:17)

    console.warn
      [publishNow] Media not ready, retrying (attempt 1/3)ΓÇª

    [0m [90m 340 |[39m             }
     [90m 341 |[39m
    [31m[1m>[22m[39m[90m 342 |[39m             console[33m.[39mwarn([32m`[publishNow] Media not ready, 
retrying (attempt ${attempt}/${PUBLISH_MAX_RETRIES})ΓÇª`[39m)
     [90m     |[39m                     [31m[1m^[22m[39m
     [90m 343 |[39m             [36mawait[39m sleep([35m5[39m_000)
     [90m 344 |[39m         }
     [90m 345 |[39m[0m

      at warn (C:\Users\kjlup\projects\websites\insta-auto\insta-auto\sns-instagram\app\(dashboard)../../../../../../..
/create/actions.ts:342:21)

    console.warn
      [publishNow] Media not ready, retrying (attempt 2/3)ΓÇª

    [0m [90m 340 |[39m             }
     [90m 341 |[39m
    [31m[1m>[22m[39m[90m 342 |[39m             console[33m.[39mwarn([32m`[publishNow] Media not ready, 
retrying (attempt ${attempt}/${PUBLISH_MAX_RETRIES})ΓÇª`[39m)
     [90m     |[39m                     [31m[1m^[22m[39m
     [90m 343 |[39m             [36mawait[39m sleep([35m5[39m_000)
     [90m 344 |[39m         }
     [90m 345 |[39m[0m

      at warn (C:\Users\kjlup\projects\websites\insta-auto\insta-auto\sns-instagram\app\(dashboard)../../../../../../..
/create/actions.ts:342:21)

    console.log
      [publishNow] Container created: container-1, isVideo: false

      at log (C:\Users\kjlup\projects\websites\insta-auto\insta-auto\sns-instagram\app\(dashboard)../../../../../../../
create/actions.ts:316:17)

    console.log
      [Container Poll] Attempt 1: status_code = FINISHED

      at log (C:\Users\kjlup\projects\websites\insta-auto\insta-auto\sns-instagram\app\(dashboard)../../../../../../../
create/actions.ts:54:17)

    console.error
      [publishNow] IG Publish Error (attempt 1): { message: 'hard fail' }

    [0m [90m 336 |[39m             [36mconst[39m isTransient [33m=[39m 
publishData[33m![39m[33m.[39merror[33m?[39m[33m.[39merror_subcode [33m===[39m 
[33mIG_SUBCODE_MEDIA_NOT_READY[39m
     [90m 337 |[39m             [36mif[39m ([33m![39misTransient [33m||[39m attempt [33m===[39m 
[33mPUBLISH_MAX_RETRIES[39m) {
    [31m[1m>[22m[39m[90m 338 |[39m                 console[33m.[39merror([32m`[publishNow] IG Publish Error 
(attempt ${attempt}):`[39m[33m,[39m publishData[33m![39m[33m.[39merror)
     [90m     |[39m                         [31m[1m^[22m[39m
     [90m 339 |[39m                 [36mreturn[39m { error[33m:[39m [32m`IG Publish Error: 
${publishData!.error?.message ?? 'Unknown'}`[39m }
     [90m 340 |[39m             }
     [90m 341 |[39m[0m

      at error (C:\Users\kjlup\projects\websites\insta-auto\insta-auto\sns-instagram\app\(dashboard)../../../../../../.
./create/actions.ts:338:25)

    console.log
      [Container Poll] Attempt 1: status_code = FINISHED

      at log (C:\Users\kjlup\projects\websites\insta-auto\insta-auto\sns-instagram\app\(dashboard)../../../../../../../
create/actions.ts:54:17)

    console.error
      [getSignedUploadUrl] { message: 'Quota exceeded' }

    [0m [90m 88 |[39m
     [90m 89 |[39m         [36mif[39m (error) {
    [31m[1m>[22m[39m[90m 90 |[39m             
console[33m.[39merror([32m'[getSignedUploadUrl]'[39m[33m,[39m error)
     [90m    |[39m                     [31m[1m^[22m[39m
     [90m 91 |[39m             [36mreturn[39m { error[33m:[39m error[33m.[39mmessage }
     [90m 92 |[39m         }
     [90m 93 |[39m         [36mreturn[39m { signedUrl[33m:[39m data[33m.[39msignedUrl[33m,[39m 
token[33m:[39m data[33m.[39mtoken[33m,[39m path[33m:[39m data[33m.[39mpath }[0m

      at error (C:\Users\kjlup\projects\websites\insta-auto\insta-auto\sns-instagram\app\(dashboard)../../../../../../.
./create/actions.ts:90:21)
      at Object.<anonymous> (__tests__/unit/create/actions.test.ts:355:28)

    console.error
      [getSignedUploadUrl] { isAuthError: true }

    [0m [90m 93 |[39m         [36mreturn[39m { signedUrl[33m:[39m data[33m.[39msignedUrl[33m,[39m 
token[33m:[39m data[33m.[39mtoken[33m,[39m path[33m:[39m data[33m.[39mpath }
     [90m 94 |[39m     } [36mcatch[39m (e) {
    [31m[1m>[22m[39m[90m 95 |[39m         console[33m.[39merror([32m'[getSignedUploadUrl]'[39m[33m,[39m e)
     [90m    |[39m                 [31m[1m^[22m[39m
     [90m 96 |[39m         [36mreturn[39m { error[33m:[39m e [36minstanceof[39m [33mError[39m [33m?[39m 
e[33m.[39mmessage [33m:[39m [32m'Unknown error'[39m }
     [90m 97 |[39m     }
     [90m 98 |[39m }[0m

      at error (C:\Users\kjlup\projects\websites\insta-auto\insta-auto\sns-instagram\app\(dashboard)../../../../../../.
./create/actions.ts:95:17)
      at Object.<anonymous> (__tests__/unit/create/actions.test.ts:361:28)

    console.error
      [registerProjectImages] { isAuthError: true }

    [0m [90m 159 |[39m         [36mreturn[39m { count[33m:[39m result[33m.[39mcount }
     [90m 160 |[39m     } [36mcatch[39m (e) {
    [31m[1m>[22m[39m[90m 161 |[39m         
console[33m.[39merror([32m'[registerProjectImages]'[39m[33m,[39m e)
     [90m     |[39m                 [31m[1m^[22m[39m
     [90m 162 |[39m         [36mreturn[39m { error[33m:[39m e [36minstanceof[39m [33mError[39m [33m?[39m 
e[33m.[39mmessage [33m:[39m [32m'Unknown error'[39m }
     [90m 163 |[39m     }
     [90m 164 |[39m }[0m

      at error (C:\Users\kjlup\projects\websites\insta-auto\insta-auto\sns-instagram\app\(dashboard)../../../../../../.
./create/actions.ts:161:17)
      at Object.<anonymous> (__tests__/unit/create/actions.test.ts:406:28)

PASS unit __tests__/unit/create/usePostGeneration.test.ts
  ΓùÅ Console

    console.error
      [usePostGeneration] AI gen error: Error: Rate limit exceeded
          at Object.generateCaption (C:\Users\kjlup\projects\websites\insta-auto\insta-auto\sns-instagram\app\(dashboar
d)\create\hooks\usePostGeneration.ts:88:32)
          at C:\Users\kjlup\projects\websites\insta-auto\insta-auto\sns-instagram\__tests__\unit\create\usePostGenerati
on.test.ts:96:13

    [0m [90m 116 |[39m         } [36mcatch[39m (error) {
     [90m 117 |[39m             [36mconst[39m message [33m=[39m error [36minstanceof[39m [33mError[39m 
[33m?[39m error[33m.[39mmessage [33m:[39m [32m'AIπü«τöƒµêÉπü½σñ▒µòùπüùπü╛πüùπüƒπÇé'[39m
    [31m[1m>[22m[39m[90m 118 |[39m             console[33m.[39merror([32m'[usePostGeneration] AI gen 
error:'[39m[33m,[39m error)
     [90m     |[39m                     [31m[1m^[22m[39m
     [90m 119 |[39m             setGenerationError(message)
     [90m 120 |[39m         } [36mfinally[39m {
     [90m 121 |[39m             setIsGeneratingAI([36mfalse[39m)[0m

      at Object.error [as generateCaption] (C:\Users\kjlup\projects\websites\insta-auto\insta-auto\sns-instagram\app\(d
ashboard)../../../../../../../create/hooks/usePostGeneration.ts:118:21)
      at __tests__/unit/create/usePostGeneration.test.ts:96:13

    console.error
      Failed to fetch image URL for AI: Error: Network error
          at Object.<anonymous> (C:\Users\kjlup\projects\websites\insta-auto\insta-auto\sns-instagram\__tests__\unit\cr
eate\usePostGeneration.test.ts:102:68)
          at Promise.finally.completed (C:\Users\kjlup\projects\websites\insta-auto\insta-auto\sns-instagram\node_modul
es\jest-circus\build\jestAdapterInit.js:1557:28)
          at new Promise (<anonymous>)
          at callAsyncCircusFn (C:\Users\kjlup\projects\websites\insta-auto\insta-auto\sns-instagram\node_modules\jest-
circus\build\jestAdapterInit.js:1497:10)
          at _callCircusTest (C:\Users\kjlup\projects\websites\insta-auto\insta-auto\sns-instagram\node_modules\jest-ci
rcus\build\jestAdapterInit.js:1007:40)
          at _runTest (C:\Users\kjlup\projects\websites\insta-auto\insta-auto\sns-instagram\node_modules\jest-circus\bu
ild\jestAdapterInit.js:947:3)
          at C:\Users\kjlup\projects\websites\insta-auto\insta-auto\sns-instagram\node_modules\jest-circus\build\jestAd
apterInit.js:849:7
          at _runTestsForDescribeBlock (C:\Users\kjlup\projects\websites\insta-auto\insta-auto\sns-instagram\node_modul
es\jest-circus\build\jestAdapterInit.js:862:11)
          at _runTestsForDescribeBlock (C:\Users\kjlup\projects\websites\insta-auto\insta-auto\sns-instagram\node_modul
es\jest-circus\build\jestAdapterInit.js:857:11)
          at run (C:\Users\kjlup\projects\websites\insta-auto\insta-auto\sns-instagram\node_modules\jest-circus\build\j
estAdapterInit.js:761:3)
          at runAndTransformResultsToJestFormat (C:\Users\kjlup\projects\websites\insta-auto\insta-auto\sns-instagram\n
ode_modules\jest-circus\build\jestAdapterInit.js:1918:21)
          at jestAdapter 
(C:\Users\kjlup\projects\websites\insta-auto\insta-auto\sns-instagram\node_modules\jest-circus\build\runner.js:101:19)
          at runTestInternal (C:\Users\kjlup\projects\websites\insta-auto\insta-auto\sns-instagram\node_modules\jest-ru
nner\build\testWorker.js:275:16)
          at runTest (C:\Users\kjlup\projects\websites\insta-auto\insta-auto\sns-instagram\node_modules\jest-runner\bui
ld\testWorker.js:343:7)
          at Object.worker (C:\Users\kjlup\projects\websites\insta-auto\insta-auto\sns-instagram\node_modules\jest-runn
er\build\testWorker.js:497:12)

    [0m [90m 48 |[39m                     images[33m.[39mpush({ base64[33m:[39m dataUrl[33m,[39m 
mimeType[33m:[39m blob[33m.[39mtype })
     [90m 49 |[39m                 } [36mcatch[39m (err) {
    [31m[1m>[22m[39m[90m 50 |[39m                     console[33m.[39merror([32m'Failed to fetch image URL 
for AI:'[39m[33m,[39m err)
     [90m    |[39m                             [31m[1m^[22m[39m
     [90m 51 |[39m                 }
     [90m 52 |[39m             }
     [90m 53 |[39m         }[0m

      at error (C:\Users\kjlup\projects\websites\insta-auto\insta-auto\sns-instagram\app\(dashboard)../../../../../../.
./create/hooks/usePostGeneration.ts:50:29)
      at Object.generateCaption (C:\Users\kjlup\projects\websites\insta-auto\insta-auto\sns-instagram\app\(dashboard)..
/../../../../../../create/hooks/usePostGeneration.ts:74:28)
      at __tests__/unit/create/usePostGeneration.test.ts:106:13

    console.error
      [usePostGeneration] AI gen error: Error: Network error
          at Object.<anonymous> (C:\Users\kjlup\projects\websites\insta-auto\insta-auto\sns-instagram\__tests__\unit\cr
eate\usePostGeneration.test.ts:102:68)
          at Promise.finally.completed (C:\Users\kjlup\projects\websites\insta-auto\insta-auto\sns-instagram\node_modul
es\jest-circus\build\jestAdapterInit.js:1557:28)
          at new Promise (<anonymous>)
          at callAsyncCircusFn (C:\Users\kjlup\projects\websites\insta-auto\insta-auto\sns-instagram\node_modules\jest-
circus\build\jestAdapterInit.js:1497:10)
          at _callCircusTest (C:\Users\kjlup\projects\websites\insta-auto\insta-auto\sns-instagram\node_modules\jest-ci
rcus\build\jestAdapterInit.js:1007:40)
          at _runTest (C:\Users\kjlup\projects\websites\insta-auto\insta-auto\sns-instagram\node_modules\jest-circus\bu
ild\jestAdapterInit.js:947:3)
          at C:\Users\kjlup\projects\websites\insta-auto\insta-auto\sns-instagram\node_modules\jest-circus\build\jestAd
apterInit.js:849:7
          at _runTestsForDescribeBlock (C:\Users\kjlup\projects\websites\insta-auto\insta-auto\sns-instagram\node_modul
es\jest-circus\build\jestAdapterInit.js:862:11)
          at _runTestsForDescribeBlock (C:\Users\kjlup\projects\websites\insta-auto\insta-auto\sns-instagram\node_modul
es\jest-circus\build\jestAdapterInit.js:857:11)
          at run (C:\Users\kjlup\projects\websites\insta-auto\insta-auto\sns-instagram\node_modules\jest-circus\build\j
estAdapterInit.js:761:3)
          at runAndTransformResultsToJestFormat (C:\Users\kjlup\projects\websites\insta-auto\insta-auto\sns-instagram\n
ode_modules\jest-circus\build\jestAdapterInit.js:1918:21)
          at jestAdapter 
(C:\Users\kjlup\projects\websites\insta-auto\insta-auto\sns-instagram\node_modules\jest-circus\build\runner.js:101:19)
          at runTestInternal (C:\Users\kjlup\projects\websites\insta-auto\insta-auto\sns-instagram\node_modules\jest-ru
nner\build\testWorker.js:275:16)
          at runTest (C:\Users\kjlup\projects\websites\insta-auto\insta-auto\sns-instagram\node_modules\jest-runner\bui
ld\testWorker.js:343:7)
          at Object.worker (C:\Users\kjlup\projects\websites\insta-auto\insta-auto\sns-instagram\node_modules\jest-runn
er\build\testWorker.js:497:12)

    [0m [90m 116 |[39m         } [36mcatch[39m (error) {
     [90m 117 |[39m             [36mconst[39m message [33m=[39m error [36minstanceof[39m [33mError[39m 
[33m?[39m error[33m.[39mmessage [33m:[39m [32m'AIπü«τöƒµêÉπü½σñ▒µòùπüùπü╛πüùπüƒπÇé'[39m
    [31m[1m>[22m[39m[90m 118 |[39m             console[33m.[39merror([32m'[usePostGeneration] AI gen 
error:'[39m[33m,[39m error)
     [90m     |[39m                     [31m[1m^[22m[39m
     [90m 119 |[39m             setGenerationError(message)
     [90m 120 |[39m         } [36mfinally[39m {
     [90m 121 |[39m             setIsGeneratingAI([36mfalse[39m)[0m

      at Object.error [as generateCaption] (C:\Users\kjlup\projects\websites\insta-auto\insta-auto\sns-instagram\app\(d
ashboard)../../../../../../../create/hooks/usePostGeneration.ts:118:21)
      at __tests__/unit/create/usePostGeneration.test.ts:106:13

    console.error
      Failed to fetch image URL for AI: Error: fail
          at Object.<anonymous> (C:\Users\kjlup\projects\websites\insta-auto\insta-auto\sns-instagram\__tests__\unit\cr
eate\usePostGeneration.test.ts:113:72)
          at Promise.finally.completed (C:\Users\kjlup\projects\websites\insta-auto\insta-auto\sns-instagram\node_modul
es\jest-circus\build\jestAdapterInit.js:1557:28)
          at new Promise (<anonymous>)
          at callAsyncCircusFn (C:\Users\kjlup\projects\websites\insta-auto\insta-auto\sns-instagram\node_modules\jest-
circus\build\jestAdapterInit.js:1497:10)
          at _callCircusTest (C:\Users\kjlup\projects\websites\insta-auto\insta-auto\sns-instagram\node_modules\jest-ci
rcus\build\jestAdapterInit.js:1007:40)
          at _runTest (C:\Users\kjlup\projects\websites\insta-auto\insta-auto\sns-instagram\node_modules\jest-circus\bu
ild\jestAdapterInit.js:947:3)
          at C:\Users\kjlup\projects\websites\insta-auto\insta-auto\sns-instagram\node_modules\jest-circus\build\jestAd
apterInit.js:849:7
          at _runTestsForDescribeBlock (C:\Users\kjlup\projects\websites\insta-auto\insta-auto\sns-instagram\node_modul
es\jest-circus\build\jestAdapterInit.js:862:11)
          at _runTestsForDescribeBlock (C:\Users\kjlup\projects\websites\insta-auto\insta-auto\sns-instagram\node_modul
es\jest-circus\build\jestAdapterInit.js:857:11)
          at run (C:\Users\kjlup\projects\websites\insta-auto\insta-auto\sns-instagram\node_modules\jest-circus\build\j
estAdapterInit.js:761:3)
          at runAndTransformResultsToJestFormat (C:\Users\kjlup\projects\websites\insta-auto\insta-auto\sns-instagram\n
ode_modules\jest-circus\build\jestAdapterInit.js:1918:21)
          at jestAdapter 
(C:\Users\kjlup\projects\websites\insta-auto\insta-auto\sns-instagram\node_modules\jest-circus\build\runner.js:101:19)
          at runTestInternal (C:\Users\kjlup\projects\websites\insta-auto\insta-auto\sns-instagram\node_modules\jest-ru
nner\build\testWorker.js:275:16)
          at runTest (C:\Users\kjlup\projects\websites\insta-auto\insta-auto\sns-instagram\node_modules\jest-runner\bui
ld\testWorker.js:343:7)
          at Object.worker (C:\Users\kjlup\projects\websites\insta-auto\insta-auto\sns-instagram\node_modules\jest-runn
er\build\testWorker.js:497:12)

    [0m [90m 48 |[39m                     images[33m.[39mpush({ base64[33m:[39m dataUrl[33m,[39m 
mimeType[33m:[39m blob[33m.[39mtype })
     [90m 49 |[39m                 } [36mcatch[39m (err) {
    [31m[1m>[22m[39m[90m 50 |[39m                     console[33m.[39merror([32m'Failed to fetch image URL 
for AI:'[39m[33m,[39m err)
     [90m    |[39m                             [31m[1m^[22m[39m
     [90m 51 |[39m                 }
     [90m 52 |[39m             }
     [90m 53 |[39m         }[0m

      at error (C:\Users\kjlup\projects\websites\insta-auto\insta-auto\sns-instagram\app\(dashboard)../../../../../../.
./create/hooks/usePostGeneration.ts:50:29)
      at Object.generateCaption (C:\Users\kjlup\projects\websites\insta-auto\insta-auto\sns-instagram\app\(dashboard)..
/../../../../../../create/hooks/usePostGeneration.ts:74:28)
      at __tests__/unit/create/usePostGeneration.test.ts:115:33

    console.error
      [usePostGeneration] AI gen error: TypeError: Cannot read properties of undefined (reading 'json')
          at Object.json [as generateCaption] (C:\Users\kjlup\projects\websites\insta-auto\insta-auto\sns-instagram\app
\(dashboard)\create\hooks\usePostGeneration.ts:87:36)
          at C:\Users\kjlup\projects\websites\insta-auto\insta-auto\sns-instagram\__tests__\unit\create\usePostGenerati
on.test.ts:115:33

    [0m [90m 116 |[39m         } [36mcatch[39m (error) {
     [90m 117 |[39m             [36mconst[39m message [33m=[39m error [36minstanceof[39m [33mError[39m 
[33m?[39m error[33m.[39mmessage [33m:[39m [32m'AIπü«τöƒµêÉπü½σñ▒µòùπüùπü╛πüùπüƒπÇé'[39m
    [31m[1m>[22m[39m[90m 118 |[39m             console[33m.[39merror([32m'[usePostGeneration] AI gen 
error:'[39m[33m,[39m error)
     [90m     |[39m                     [31m[1m^[22m[39m
     [90m 119 |[39m             setGenerationError(message)
     [90m 120 |[39m         } [36mfinally[39m {
     [90m 121 |[39m             setIsGeneratingAI([36mfalse[39m)[0m

      at Object.error [as generateCaption] (C:\Users\kjlup\projects\websites\insta-auto\insta-auto\sns-instagram\app\(d
ashboard)../../../../../../../create/hooks/usePostGeneration.ts:118:21)
      at __tests__/unit/create/usePostGeneration.test.ts:115:33

PASS unit __tests__/unit/analytics/helpers.test.ts
PASS unit __tests__/unit/account/disconnectAccount.test.ts
  ΓùÅ Console

    console.error
      [Action: disconnectAccount] Error: Error: DB error
          at Object.<anonymous> (C:\Users\kjlup\projects\websites\insta-auto\insta-auto\sns-instagram\__tests__\unit\ac
count\disconnectAccount.test.ts:54:68)
          at Promise.finally.completed (C:\Users\kjlup\projects\websites\insta-auto\insta-auto\sns-instagram\node_modul
es\jest-circus\build\jestAdapterInit.js:1557:28)
          at new Promise (<anonymous>)
          at callAsyncCircusFn (C:\Users\kjlup\projects\websites\insta-auto\insta-auto\sns-instagram\node_modules\jest-
circus\build\jestAdapterInit.js:1497:10)
          at _callCircusTest (C:\Users\kjlup\projects\websites\insta-auto\insta-auto\sns-instagram\node_modules\jest-ci
rcus\build\jestAdapterInit.js:1007:40)
          at processTicksAndRejections (node:internal/process/task_queues:105:5)
          at _runTest (C:\Users\kjlup\projects\websites\insta-auto\insta-auto\sns-instagram\node_modules\jest-circus\bu
ild\jestAdapterInit.js:947:3)
          at C:\Users\kjlup\projects\websites\insta-auto\insta-auto\sns-instagram\node_modules\jest-circus\build\jestAd
apterInit.js:849:7
          at _runTestsForDescribeBlock (C:\Users\kjlup\projects\websites\insta-auto\insta-auto\sns-instagram\node_modul
es\jest-circus\build\jestAdapterInit.js:862:11)
          at _runTestsForDescribeBlock (C:\Users\kjlup\projects\websites\insta-auto\insta-auto\sns-instagram\node_modul
es\jest-circus\build\jestAdapterInit.js:857:11)
          at _runTestsForDescribeBlock (C:\Users\kjlup\projects\websites\insta-auto\insta-auto\sns-instagram\node_modul
es\jest-circus\build\jestAdapterInit.js:857:11)
          at run (C:\Users\kjlup\projects\websites\insta-auto\insta-auto\sns-instagram\node_modules\jest-circus\build\j
estAdapterInit.js:761:3)
          at runAndTransformResultsToJestFormat (C:\Users\kjlup\projects\websites\insta-auto\insta-auto\sns-instagram\n
ode_modules\jest-circus\build\jestAdapterInit.js:1918:21)
          at jestAdapter 
(C:\Users\kjlup\projects\websites\insta-auto\insta-auto\sns-instagram\node_modules\jest-circus\build\runner.js:101:19)
          at runTestInternal (C:\Users\kjlup\projects\websites\insta-auto\insta-auto\sns-instagram\node_modules\jest-ru
nner\build\testWorker.js:275:16)
          at runTest (C:\Users\kjlup\projects\websites\insta-auto\insta-auto\sns-instagram\node_modules\jest-runner\bui
ld\testWorker.js:343:7)
          at Object.worker (C:\Users\kjlup\projects\websites\insta-auto\insta-auto\sns-instagram\node_modules\jest-runn
er\build\testWorker.js:497:12)

    [0m [90m 23 |[39m     } [36mcatch[39m (error[33m:[39m any) {
     [90m 24 |[39m         [36mif[39m (error[33m.[39misAuthError) [36mreturn[39m { error[33m:[39m 
[32m'Unauthorized'[39m }
    [31m[1m>[22m[39m[90m 25 |[39m         console[33m.[39merror([32m'[Action: disconnectAccount] 
Error:'[39m[33m,[39m error)
     [90m    |[39m                 [31m[1m^[22m[39m
     [90m 26 |[39m         [36mreturn[39m { error[33m:[39m error[33m.[39mmessage [33m||[39m [32m'An 
unexpected error occurred'[39m }
     [90m 27 |[39m     }
     [90m 28 |[39m }[0m

      at error (C:\Users\kjlup\projects\websites\insta-auto\insta-auto\sns-instagram\app\(dashboard)../../../../../../.
./account/actions.ts:25:17)
      at Object.<anonymous> (__tests__/unit/account/disconnectAccount.test.ts:56:28)

    console.error
      [Action: disconnectAccount] Error: Error: 
          at Object.<anonymous> (C:\Users\kjlup\projects\websites\insta-auto\insta-auto\sns-instagram\__tests__\unit\ac
count\disconnectAccount.test.ts:63:68)
          at Promise.finally.completed (C:\Users\kjlup\projects\websites\insta-auto\insta-auto\sns-instagram\node_modul
es\jest-circus\build\jestAdapterInit.js:1557:28)
          at new Promise (<anonymous>)
          at callAsyncCircusFn (C:\Users\kjlup\projects\websites\insta-auto\insta-auto\sns-instagram\node_modules\jest-
circus\build\jestAdapterInit.js:1497:10)
          at _callCircusTest (C:\Users\kjlup\projects\websites\insta-auto\insta-auto\sns-instagram\node_modules\jest-ci
rcus\build\jestAdapterInit.js:1007:40)
          at processTicksAndRejections (node:internal/process/task_queues:105:5)
          at _runTest (C:\Users\kjlup\projects\websites\insta-auto\insta-auto\sns-instagram\node_modules\jest-circus\bu
ild\jestAdapterInit.js:947:3)
          at C:\Users\kjlup\projects\websites\insta-auto\insta-auto\sns-instagram\node_modules\jest-circus\build\jestAd
apterInit.js:849:7
          at _runTestsForDescribeBlock (C:\Users\kjlup\projects\websites\insta-auto\insta-auto\sns-instagram\node_modul
es\jest-circus\build\jestAdapterInit.js:862:11)
          at _runTestsForDescribeBlock (C:\Users\kjlup\projects\websites\insta-auto\insta-auto\sns-instagram\node_modul
es\jest-circus\build\jestAdapterInit.js:857:11)
          at _runTestsForDescribeBlock (C:\Users\kjlup\projects\websites\insta-auto\insta-auto\sns-instagram\node_modul
es\jest-circus\build\jestAdapterInit.js:857:11)
          at run (C:\Users\kjlup\projects\websites\insta-auto\insta-auto\sns-instagram\node_modules\jest-circus\build\j
estAdapterInit.js:761:3)
          at runAndTransformResultsToJestFormat (C:\Users\kjlup\projects\websites\insta-auto\insta-auto\sns-instagram\n
ode_modules\jest-circus\build\jestAdapterInit.js:1918:21)
          at jestAdapter 
(C:\Users\kjlup\projects\websites\insta-auto\insta-auto\sns-instagram\node_modules\jest-circus\build\runner.js:101:19)
          at runTestInternal (C:\Users\kjlup\projects\websites\insta-auto\insta-auto\sns-instagram\node_modules\jest-ru
nner\build\testWorker.js:275:16)
          at runTest (C:\Users\kjlup\projects\websites\insta-auto\insta-auto\sns-instagram\node_modules\jest-runner\bui
ld\testWorker.js:343:7)
          at Object.worker (C:\Users\kjlup\projects\websites\insta-auto\insta-auto\sns-instagram\node_modules\jest-runn
er\build\testWorker.js:497:12)

    [0m [90m 23 |[39m     } [36mcatch[39m (error[33m:[39m any) {
     [90m 24 |[39m         [36mif[39m (error[33m.[39misAuthError) [36mreturn[39m { error[33m:[39m 
[32m'Unauthorized'[39m }
    [31m[1m>[22m[39m[90m 25 |[39m         console[33m.[39merror([32m'[Action: disconnectAccount] 
Error:'[39m[33m,[39m error)
     [90m    |[39m                 [31m[1m^[22m[39m
     [90m 26 |[39m         [36mreturn[39m { error[33m:[39m error[33m.[39mmessage [33m||[39m [32m'An 
unexpected error occurred'[39m }
     [90m 27 |[39m     }
     [90m 28 |[39m }[0m

      at error (C:\Users\kjlup\projects\websites\insta-auto\insta-auto\sns-instagram\app\(dashboard)../../../../../../.
./account/actions.ts:25:17)
      at Object.<anonymous> (__tests__/unit/account/disconnectAccount.test.ts:65:28)

PASS unit __tests__/unit/create/useMediaManagement.test.ts
PASS unit __tests__/unit/create/types.test.ts
PASS unit __tests__/unit/create/hooks.test.ts
  ΓùÅ Console

    console.error
      [usePostGeneration] AI gen error: Error: Server error
          at Object.generateCaption (C:\Users\kjlup\projects\websites\insta-auto\insta-auto\sns-instagram\app\(dashboar
d)\create\hooks\usePostGeneration.ts:88:32)
          at 
C:\Users\kjlup\projects\websites\insta-auto\insta-auto\sns-instagram\__tests__\unit\create\hooks.test.ts:181:13

    [0m [90m 116 |[39m         } [36mcatch[39m (error) {
     [90m 117 |[39m             [36mconst[39m message [33m=[39m error [36minstanceof[39m [33mError[39m 
[33m?[39m error[33m.[39mmessage [33m:[39m [32m'AIπü«τöƒµêÉπü½σñ▒µòùπüùπü╛πüùπüƒπÇé'[39m
    [31m[1m>[22m[39m[90m 118 |[39m             console[33m.[39merror([32m'[usePostGeneration] AI gen 
error:'[39m[33m,[39m error)
     [90m     |[39m                     [31m[1m^[22m[39m
     [90m 119 |[39m             setGenerationError(message)
     [90m 120 |[39m         } [36mfinally[39m {
     [90m 121 |[39m             setIsGeneratingAI([36mfalse[39m)[0m

      at Object.error [as generateCaption] (C:\Users\kjlup\projects\websites\insta-auto\insta-auto\sns-instagram\app\(d
ashboard)../../../../../../../create/hooks/usePostGeneration.ts:118:21)
      at __tests__/unit/create/hooks.test.ts:181:13

PASS unit __tests__/unit/context/SidebarContext.test.tsx
PASS unit __tests__/unit/context/AccountContext.test.tsx
PASS unit __tests__/unit/create/modals.test.tsx

Test Suites: 2 failed, 12 passed, 14 total
Tests:       5 failed, 174 passed, 179 total
Snapshots:   0 total
Time:        4.478 s
Ran all test suites.
