node.exe : FAIL unit __tests__/unit/api/apiRoutes.test.ts
At C:\Program Files\nodejs\npx.ps1:29 char:3
+   & $NODE_EXE $NPX_CLI_JS $args
+   ~~~~~~~~~~~~~~~~~~~~~~~~~~~~~
    + CategoryInfo          : NotSpecified: (FAIL unit __tes...iRoutes.test.ts:String) [], RemoteException
    + FullyQualifiedErrorId : NativeCommandError
 
  ΓùÅ Console

    console.error
      [DELETE image] Supabase storage removal failed: { message: 'not found in storage' }

    [0m [90m 32 |[39m         [36mif[39m (storageError) {
     [90m 33 |[39m             [90m// Log but don't fail ΓÇö the DB record must still be cleaned up[39m
    [31m[1m>[22m[39m[90m 34 |[39m             console[33m.[39merror([32m'[DELETE image] Supabase storage 
removal failed:'[39m[33m,[39m storageError)
     [90m    |[39m                     [31m[1m^[22m[39m
     [90m 35 |[39m         }
     [90m 36 |[39m
     [90m 37 |[39m         [90m// 2. Delete the DB record[39m[0m

      at error (app/api/projects/[id]/images/[imageId]/route.ts:34:21)
      at Object.<anonymous> (__tests__/unit/api/apiRoutes.test.ts:284:17)

    console.log
      [FacebookWebhook] Verification successful

      at log (app/api/auth/facebook/webhook/route.ts:17:17)

    console.log
      [FacebookWebhook] Verification successful

      at log (app/api/auth/facebook/webhook/route.ts:17:17)

    console.error
      [FacebookWebhook] Invalid Signature

    [0m [90m 39 |[39m
     [90m 40 |[39m         [36mif[39m (signature [33m!==[39m expectedSignature) {
    [31m[1m>[22m[39m[90m 41 |[39m             console[33m.[39merror([32m'[FacebookWebhook] Invalid 
Signature'[39m)
     [90m    |[39m                     [31m[1m^[22m[39m
     [90m 42 |[39m             [36mreturn[39m [33mNextResponse[39m[33m.[39mjson({ error[33m:[39m 
[32m'Invalid signature'[39m }[33m,[39m { status[33m:[39m [35m400[39m })
     [90m 43 |[39m         }
     [90m 44 |[39m[0m

      at error (app/api/auth/facebook/webhook/route.ts:41:21)
      at Object.<anonymous> (__tests__/unit/api/apiRoutes.test.ts:365:17)

    console.error
      [FacebookWebhook] Invalid Signature

    [0m [90m 39 |[39m
     [90m 40 |[39m         [36mif[39m (signature [33m!==[39m expectedSignature) {
    [31m[1m>[22m[39m[90m 41 |[39m             console[33m.[39merror([32m'[FacebookWebhook] Invalid 
Signature'[39m)
     [90m    |[39m                     [31m[1m^[22m[39m
     [90m 42 |[39m             [36mreturn[39m [33mNextResponse[39m[33m.[39mjson({ error[33m:[39m 
[32m'Invalid signature'[39m }[33m,[39m { status[33m:[39m [35m400[39m })
     [90m 43 |[39m         }
     [90m 44 |[39m[0m

      at error (app/api/auth/facebook/webhook/route.ts:41:21)
      at Object.<anonymous> (__tests__/unit/api/apiRoutes.test.ts:383:17)

    console.warn
      [FacebookWebhook] Missing signature or app secret

    [0m [90m 29 |[39m
     [90m 30 |[39m         [36mif[39m ([33m![39msignature [33m||[39m [33m![39m[33mFACEBOOK_APP_SECRET[39m) 
{
    [31m[1m>[22m[39m[90m 31 |[39m             console[33m.[39mwarn([32m'[FacebookWebhook] Missing signature 
or app secret'[39m)
     [90m    |[39m                     [31m[1m^[22m[39m
     [90m 32 |[39m             [36mreturn[39m [33mNextResponse[39m[33m.[39mjson({ error[33m:[39m 
[32m'Missing signature or app secret'[39m }[33m,[39m { status[33m:[39m [35m400[39m })
     [90m 33 |[39m         }
     [90m 34 |[39m[0m

      at warn (app/api/auth/facebook/webhook/route.ts:31:21)
      at Object.<anonymous> (__tests__/unit/api/apiRoutes.test.ts:393:17)

    console.error
      [FacebookWebhook] Invalid Signature

    [0m [90m 39 |[39m
     [90m 40 |[39m         [36mif[39m (signature [33m!==[39m expectedSignature) {
    [31m[1m>[22m[39m[90m 41 |[39m             console[33m.[39merror([32m'[FacebookWebhook] Invalid 
Signature'[39m)
     [90m    |[39m                     [31m[1m^[22m[39m
     [90m 42 |[39m             [36mreturn[39m [33mNextResponse[39m[33m.[39mjson({ error[33m:[39m 
[32m'Invalid signature'[39m }[33m,[39m { status[33m:[39m [35m400[39m })
     [90m 43 |[39m         }
     [90m 44 |[39m[0m

      at error (app/api/auth/facebook/webhook/route.ts:41:21)
      at Object.<anonymous> (__tests__/unit/api/apiRoutes.test.ts:408:17)

  ΓùÅ GET /api/auth/facebook/webhook ΓÇö verification ΓÇ║ should return challenge string for valid mode and matching 
token

    TypeError: res.text is not a function

    [0m [90m 303 |[39m     [36mconst[39m req [33m=[39m [36mnew[39m [33mRequest[39m([32m'http://localhost?hu
b.mode=subscribe&hub.verify_token=test-verify-token&hub.challenge=challenge-xyz'[39m)
     [90m 304 |[39m     [36mconst[39m res [33m=[39m [36mawait[39m webhookGet(req)
    [31m[1m>[22m[39m[90m 305 |[39m     [36mconst[39m text [33m=[39m [36mawait[39m res[33m.[39mtext()
     [90m     |[39m                            [31m[1m^[22m[39m
     [90m 306 |[39m
     [90m 307 |[39m     expect(res[33m.[39mstatus)[33m.[39mtoBe([35m200[39m)
     [90m 308 |[39m     expect(text)[33m.[39mtoBe([32m'challenge-xyz'[39m)[0m

      at Object.text (__tests__/unit/api/apiRoutes.test.ts:305:28)

  ΓùÅ GET /api/auth/facebook/webhook ΓÇö verification ΓÇ║ should return 200 with empty body if missing challenge

    TypeError: res.text is not a function

    [0m [90m 324 |[39m     [36mconst[39m req [33m=[39m [36mnew[39m 
[33mRequest[39m([32m'http://localhost?hub.mode=subscribe&hub.verify_token=test-verify-token'[39m)
     [90m 325 |[39m     [36mconst[39m res [33m=[39m [36mawait[39m webhookGet(req)
    [31m[1m>[22m[39m[90m 326 |[39m     [36mconst[39m text [33m=[39m [36mawait[39m res[33m.[39mtext()
     [90m     |[39m                            [31m[1m^[22m[39m
     [90m 327 |[39m     expect(res[33m.[39mstatus)[33m.[39mtoBe([35m200[39m)
     [90m 328 |[39m     expect(text)[33m.[39mtoBe([32m''[39m)
     [90m 329 |[39m   })[0m

      at Object.text (__tests__/unit/api/apiRoutes.test.ts:326:28)

  ΓùÅ POST /api/auth/facebook/webhook ΓÇö event processing ΓÇ║ should return 200 and success true for valid signature

    expect(received).toBe(expected) // Object.is equality

    Expected: 200
    Received: 400

    [0m [90m 366 |[39m     [36mconst[39m json [33m=[39m [36mawait[39m res[33m.[39mjson()
     [90m 367 |[39m
    [31m[1m>[22m[39m[90m 368 |[39m     expect(res[33m.[39mstatus)[33m.[39mtoBe([35m200[39m)
     [90m     |[39m                        [31m[1m^[22m[39m
     [90m 369 |[39m     expect(json[33m.[39msuccess)[33m.[39mtoBe([36mtrue[39m)
     [90m 370 |[39m   })
     [90m 371 |[39m[0m

      at Object.toBe (__tests__/unit/api/apiRoutes.test.ts:368:24)

  ΓùÅ POST /api/auth/facebook/webhook ΓÇö event processing ΓÇ║ should return 500 for malformed JSON body

    expect(received).toBe(expected) // Object.is equality

    Expected: 500
    Received: 400

    [0m [90m 407 |[39m     })
     [90m 408 |[39m     [36mconst[39m res [33m=[39m [36mawait[39m webhookPost(req)
    [31m[1m>[22m[39m[90m 409 |[39m     expect(res[33m.[39mstatus)[33m.[39mtoBe([35m500[39m)
     [90m     |[39m                        [31m[1m^[22m[39m
     [90m 410 |[39m   })
     [90m 411 |[39m })
     [90m 412 |[39m[0m

      at Object.toBe (__tests__/unit/api/apiRoutes.test.ts:409:24)

  ΓùÅ POST /api/generate ΓÇ║ should succeed with legacy imageBase64 format

    expect(jest.fn()).toHaveBeenCalledWith(...expected)

    Expected: ObjectContaining {"images": Any<Array>}, Anything, Anything
    Received: {"aiUsageOption": "Normal AI Use", "apiKey": "test-gemini-key", "currentCaption": undefined, "images": 
[{"inlineData": {"data": "abc", "mimeType": "image/jpeg"}}], "pastCaptions": [], "projectContext": undefined, 
"projectId": undefined, "userId": "user-1", "userPrompt": undefined}

    Number of calls: 1

    [0m [90m 446 |[39m
     [90m 447 |[39m     expect(res[33m.[39mstatus)[33m.[39mtoBe([35m200[39m)
    [31m[1m>[22m[39m[90m 448 |[39m     expect(mockGenerateCaptions)[33m.[39mtoHaveBeenCalledWith(
     [90m     |[39m                                  [31m[1m^[22m[39m
     [90m 449 |[39m       expect[33m.[39mobjectContaining({ images[33m:[39m 
expect[33m.[39many([33mArray[39m) })[33m,[39m
     [90m 450 |[39m       expect[33m.[39manything()[33m,[39m
     [90m 451 |[39m       expect[33m.[39manything()[0m

      at Object.toHaveBeenCalledWith (__tests__/unit/api/apiRoutes.test.ts:448:34)

  ΓùÅ POST /api/generate ΓÇ║ should fetch project and top captions when projectId is provided

    expect(jest.fn()).toHaveBeenCalledWith(...expected)

    Expected: Anything, ObjectContaining {"id": "p1", "name": "Proj"}, ["Past caption 1"]
    Received: {"aiUsageOption": "Normal AI Use", "apiKey": "test-gemini-key", "currentCaption": undefined, "images": 
[{"inlineData": {"data": "abc", "mimeType": "image/jpeg"}}], "pastCaptions": ["Past caption 1"], "projectContext": 
{"ageRange": undefined, "campaignDuration": undefined, "campaignSpecificInstructions": undefined, "customPromptNotes": 
undefined, "defaultHashtags": undefined, "description": undefined, "exampleCaptions": undefined, "gender": undefined, 
"location": undefined, "objective": undefined, "postingFrequency": undefined, "preferredCtaTypes": undefined, 
"preferredTimeSlots": undefined, "profession": undefined, "title": "Proj", "toneRestrictions": undefined, "toneStyle": 
undefined, "wordsToAvoid": undefined, "writingStyleNotes": undefined}, "projectId": "p1", "userId": "user-1", 
"userPrompt": undefined}

    Number of calls: 1

    [0m [90m 494 |[39m     [36mawait[39m generatePost(req)
     [90m 495 |[39m
    [31m[1m>[22m[39m[90m 496 |[39m     expect(mockGenerateCaptions)[33m.[39mtoHaveBeenCalledWith(
     [90m     |[39m                                  [31m[1m^[22m[39m
     [90m 497 |[39m       expect[33m.[39manything()[33m,[39m
     [90m 498 |[39m       expect[33m.[39mobjectContaining({ id[33m:[39m [32m'p1'[39m[33m,[39m 
name[33m:[39m [32m'Proj'[39m })[33m,[39m
     [90m 499 |[39m       [[32m'Past caption 1'[39m][0m

      at Object.toHaveBeenCalledWith (__tests__/unit/api/apiRoutes.test.ts:496:34)

FAIL unit __tests__/unit/create/createActions.test.ts
  ΓùÅ Console

    console.warn
      A function to advance timers was called but the timers APIs are not replaced with fake timers. Call 
`jest.useFakeTimers()` in this test file or enable fake timers for all tests by setting 'fakeTimers': 
{'enableGlobally': true} in Jest configuration file.
      Stack Trace:
      
          [0m [90m 239 |[39m
           [90m 240 |[39m     [36mconst[39m promise [33m=[39m publishNow(fd())
          [31m[1m>[22m[39m[90m 241 |[39m     [36mawait[39m jest[33m.[39mrunAllTimersAsync()
           [90m     |[39m                [31m[1m^[22m[39m
           [90m 242 |[39m     [36mconst[39m result [33m=[39m [36mawait[39m promise
           [90m 243 |[39m
           [90m 244 |[39m     expect(result)[33m.[39mtoEqual({ success[33m:[39m [36mtrue[39m[33m,[39m 
data[33m:[39m { postId[33m:[39m [32m'post-1'[39m } })[0m
      
            Error: 
            at FakeTimers._checkFakeTimers (node_modules/@jest/fake-timers/build/index.js:646:7)
            at FakeTimers.runAllTimersAsync (node_modules/@jest/fake-timers/build/index.js:536:14)
            at Object.runAllTimersAsync (__tests__/unit/create/createActions.test.ts:241:16)

    [0m [90m 239 |[39m
     [90m 240 |[39m     [36mconst[39m promise [33m=[39m publishNow(fd())
    [31m[1m>[22m[39m[90m 241 |[39m     [36mawait[39m jest[33m.[39mrunAllTimersAsync()
     [90m     |[39m                [31m[1m^[22m[39m
     [90m 242 |[39m     [36mconst[39m result [33m=[39m [36mawait[39m promise
     [90m 243 |[39m
     [90m 244 |[39m     expect(result)[33m.[39mtoEqual({ success[33m:[39m [36mtrue[39m[33m,[39m 
data[33m:[39m { postId[33m:[39m [32m'post-1'[39m } })[0m

      at FakeTimers._checkFakeTimers (node_modules/@jest/fake-timers/build/index.js:644:28)
      at FakeTimers.runAllTimersAsync (node_modules/@jest/fake-timers/build/index.js:536:14)
      at Object.runAllTimersAsync (__tests__/unit/create/createActions.test.ts:241:16)

    console.log
      [publishNow] Container created: cont-1, isVideo: false

      at log (C:\Users\kjlup\projects\websites\insta-auto\insta-auto\sns-instagram\app\(dashboard)../../../../../../../
create/actions.ts:315:17)

    console.log
      [Container Poll] Attempt 1: status_code = FINISHED

      at log (C:\Users\kjlup\projects\websites\insta-auto\insta-auto\sns-instagram\app\(dashboard)../../../../../../../
create/actions.ts:53:17)

    console.warn
      A function to advance timers was called but the timers APIs are not replaced with fake timers. Call 
`jest.useFakeTimers()` in this test file or enable fake timers for all tests by setting 'fakeTimers': 
{'enableGlobally': true} in Jest configuration file.
      Stack Trace:
      
          [0m [90m 264 |[39m
           [90m 265 |[39m     [36mconst[39m promise [33m=[39m publishNow(fd())
          [31m[1m>[22m[39m[90m 266 |[39m     [36mawait[39m jest[33m.[39mrunAllTimersAsync()
           [90m     |[39m                [31m[1m^[22m[39m
           [90m 267 |[39m     [36mconst[39m result [33m=[39m [36mawait[39m promise
           [90m 268 |[39m
           [90m 269 |[39m     expect(result)[33m.[39mtoEqual({ success[33m:[39m [36mtrue[39m[33m,[39m 
data[33m:[39m { postId[33m:[39m [32m'post-1'[39m } })[0m
      
            Error: 
            at FakeTimers._checkFakeTimers (node_modules/@jest/fake-timers/build/index.js:646:7)
            at FakeTimers.runAllTimersAsync (node_modules/@jest/fake-timers/build/index.js:536:14)
            at Object.runAllTimersAsync (__tests__/unit/create/createActions.test.ts:266:16)

    [0m [90m 264 |[39m
     [90m 265 |[39m     [36mconst[39m promise [33m=[39m publishNow(fd())
    [31m[1m>[22m[39m[90m 266 |[39m     [36mawait[39m jest[33m.[39mrunAllTimersAsync()
     [90m     |[39m                [31m[1m^[22m[39m
     [90m 267 |[39m     [36mconst[39m result [33m=[39m [36mawait[39m promise
     [90m 268 |[39m
     [90m 269 |[39m     expect(result)[33m.[39mtoEqual({ success[33m:[39m [36mtrue[39m[33m,[39m 
data[33m:[39m { postId[33m:[39m [32m'post-1'[39m } })[0m

      at FakeTimers._checkFakeTimers (node_modules/@jest/fake-timers/build/index.js:644:28)
      at FakeTimers.runAllTimersAsync (node_modules/@jest/fake-timers/build/index.js:536:14)
      at Object.runAllTimersAsync (__tests__/unit/create/createActions.test.ts:266:16)

    console.log
      [publishNow] Container created: cont-1, isVideo: false

      at log (C:\Users\kjlup\projects\websites\insta-auto\insta-auto\sns-instagram\app\(dashboard)../../../../../../../
create/actions.ts:315:17)

    console.log
      [Container Poll] Attempt 1: status_code = IN_PROGRESS

      at log (C:\Users\kjlup\projects\websites\insta-auto\insta-auto\sns-instagram\app\(dashboard)../../../../../../../
create/actions.ts:53:17)

    console.log
      [Container Poll] Attempt 2: status_code = FINISHED

      at log (C:\Users\kjlup\projects\websites\insta-auto\insta-auto\sns-instagram\app\(dashboard)../../../../../../../
create/actions.ts:53:17)

    console.warn
      A function to advance timers was called but the timers APIs are not replaced with fake timers. Call 
`jest.useFakeTimers()` in this test file or enable fake timers for all tests by setting 'fakeTimers': 
{'enableGlobally': true} in Jest configuration file.
      Stack Trace:
      
          [0m [90m 279 |[39m
           [90m 280 |[39m     [36mconst[39m promise [33m=[39m publishNow(fd())
          [31m[1m>[22m[39m[90m 281 |[39m     [36mawait[39m jest[33m.[39mrunAllTimersAsync()
           [90m     |[39m                [31m[1m^[22m[39m
           [90m 282 |[39m     [36mconst[39m result [33m=[39m [36mawait[39m promise
           [90m 283 |[39m
           [90m 284 |[39m     expect(result[33m.[39merror)[33m.[39mtoMatch([35m/IG Container 
Error|Container|too long/i[39m)[0m
      
            Error: 
            at FakeTimers._checkFakeTimers (node_modules/@jest/fake-timers/build/index.js:646:7)
            at FakeTimers.runAllTimersAsync (node_modules/@jest/fake-timers/build/index.js:536:14)
            at Object.runAllTimersAsync (__tests__/unit/create/createActions.test.ts:281:16)

    [0m [90m 279 |[39m
     [90m 280 |[39m     [36mconst[39m promise [33m=[39m publishNow(fd())
    [31m[1m>[22m[39m[90m 281 |[39m     [36mawait[39m jest[33m.[39mrunAllTimersAsync()
     [90m     |[39m                [31m[1m^[22m[39m
     [90m 282 |[39m     [36mconst[39m result [33m=[39m [36mawait[39m promise
     [90m 283 |[39m
     [90m 284 |[39m     expect(result[33m.[39merror)[33m.[39mtoMatch([35m/IG Container Error|Container|too 
long/i[39m)[0m

      at FakeTimers._checkFakeTimers (node_modules/@jest/fake-timers/build/index.js:644:28)
      at FakeTimers.runAllTimersAsync (node_modules/@jest/fake-timers/build/index.js:536:14)
      at Object.runAllTimersAsync (__tests__/unit/create/createActions.test.ts:281:16)

    console.log
      [publishNow] Container created: cont-1, isVideo: false

      at log (C:\Users\kjlup\projects\websites\insta-auto\insta-auto\sns-instagram\app\(dashboard)../../../../../../../
create/actions.ts:315:17)

    console.log
      [Container Poll] Attempt 1: status_code = ERROR

      at log (C:\Users\kjlup\projects\websites\insta-auto\insta-auto\sns-instagram\app\(dashboard)../../../../../../../
create/actions.ts:53:17)

    console.error
      [Container Poll] Error: { status_code: 'ERROR' }

    [0m [90m 55 |[39m         [36mif[39m (data[33m.[39mstatus_code [33m===[39m [32m'FINISHED'[39m) 
[36mreturn[39m [36mtrue[39m
     [90m 56 |[39m         [36mif[39m (data[33m.[39mstatus_code [33m===[39m [32m'ERROR'[39m [33m||[39m 
data[33m.[39merror) {
    [31m[1m>[22m[39m[90m 57 |[39m             console[33m.[39merror([32m'[Container Poll] 
Error:'[39m[33m,[39m data)
     [90m    |[39m                     [31m[1m^[22m[39m
     [90m 58 |[39m             [36mreturn[39m [36mfalse[39m
     [90m 59 |[39m         }
     [90m 60 |[39m     }[0m

      at error (C:\Users\kjlup\projects\websites\insta-auto\insta-auto\sns-instagram\app\(dashboard)../../../../../../.
./create/actions.ts:57:21)
      at publishNow (C:\Users\kjlup\projects\websites\insta-auto\insta-auto\sns-instagram\app\(dashboard)../../../../..
/../../create/actions.ts:317:23)
      at Object.<anonymous> (__tests__/unit/create/createActions.test.ts:282:20)

    console.warn
      A function to advance timers was called but the timers APIs are not replaced with fake timers. Call 
`jest.useFakeTimers()` in this test file or enable fake timers for all tests by setting 'fakeTimers': 
{'enableGlobally': true} in Jest configuration file.
      Stack Trace:
      
          [0m [90m 292 |[39m
           [90m 293 |[39m     [36mconst[39m promise [33m=[39m publishNow(fd())
          [31m[1m>[22m[39m[90m 294 |[39m     [36mawait[39m jest[33m.[39mrunAllTimersAsync()
           [90m     |[39m                [31m[1m^[22m[39m
           [90m 295 |[39m     [36mconst[39m result [33m=[39m [36mawait[39m promise
           [90m 296 |[39m
           [90m 297 |[39m     expect(result[33m.[39merror)[33m.[39mtoMatch([35m/too long/i[39m)[0m
      
            Error: 
            at FakeTimers._checkFakeTimers (node_modules/@jest/fake-timers/build/index.js:646:7)
            at FakeTimers.runAllTimersAsync (node_modules/@jest/fake-timers/build/index.js:536:14)
            at Object.runAllTimersAsync (__tests__/unit/create/createActions.test.ts:294:16)

    [0m [90m 292 |[39m
     [90m 293 |[39m     [36mconst[39m promise [33m=[39m publishNow(fd())
    [31m[1m>[22m[39m[90m 294 |[39m     [36mawait[39m jest[33m.[39mrunAllTimersAsync()
     [90m     |[39m                [31m[1m^[22m[39m
     [90m 295 |[39m     [36mconst[39m result [33m=[39m [36mawait[39m promise
     [90m 296 |[39m
     [90m 297 |[39m     expect(result[33m.[39merror)[33m.[39mtoMatch([35m/too long/i[39m)[0m

      at FakeTimers._checkFakeTimers (node_modules/@jest/fake-timers/build/index.js:644:28)
      at FakeTimers.runAllTimersAsync (node_modules/@jest/fake-timers/build/index.js:536:14)
      at Object.runAllTimersAsync (__tests__/unit/create/createActions.test.ts:294:16)

    console.log
      [publishNow] Container created: undefined, isVideo: false

      at log (C:\Users\kjlup\projects\websites\insta-auto\insta-auto\sns-instagram\app\(dashboard)../../../../../../../
create/actions.ts:315:17)

    console.log
      [Container Poll] Attempt 1: status_code = IN_PROGRESS

      at log (C:\Users\kjlup\projects\websites\insta-auto\insta-auto\sns-instagram\app\(dashboard)../../../../../../../
create/actions.ts:53:17)

    console.log
      [Container Poll] Attempt 2: status_code = IN_PROGRESS

      at log (C:\Users\kjlup\projects\websites\insta-auto\insta-auto\sns-instagram\app\(dashboard)../../../../../../../
create/actions.ts:53:17)

    console.log
      [Container Poll] Attempt 3: status_code = IN_PROGRESS

      at log (C:\Users\kjlup\projects\websites\insta-auto\insta-auto\sns-instagram\app\(dashboard)../../../../../../../
create/actions.ts:53:17)

    console.log
      [Container Poll] Attempt 4: status_code = IN_PROGRESS

      at log (C:\Users\kjlup\projects\websites\insta-auto\insta-auto\sns-instagram\app\(dashboard)../../../../../../../
create/actions.ts:53:17)

    console.log
      [Container Poll] Attempt 5: status_code = IN_PROGRESS

      at log (C:\Users\kjlup\projects\websites\insta-auto\insta-auto\sns-instagram\app\(dashboard)../../../../../../../
create/actions.ts:53:17)

    console.log
      [Container Poll] Attempt 6: status_code = IN_PROGRESS

      at log (C:\Users\kjlup\projects\websites\insta-auto\insta-auto\sns-instagram\app\(dashboard)../../../../../../../
create/actions.ts:53:17)

    console.log
      [Container Poll] Attempt 7: status_code = IN_PROGRESS

      at log (C:\Users\kjlup\projects\websites\insta-auto\insta-auto\sns-instagram\app\(dashboard)../../../../../../../
create/actions.ts:53:17)

    console.log
      [Container Poll] Attempt 8: status_code = IN_PROGRESS

      at log (C:\Users\kjlup\projects\websites\insta-auto\insta-auto\sns-instagram\app\(dashboard)../../../../../../../
create/actions.ts:53:17)

    console.log
      [Container Poll] Attempt 9: status_code = IN_PROGRESS

      at log (C:\Users\kjlup\projects\websites\insta-auto\insta-auto\sns-instagram\app\(dashboard)../../../../../../../
create/actions.ts:53:17)

    console.log
      [Container Poll] Attempt 10: status_code = IN_PROGRESS

      at log (C:\Users\kjlup\projects\websites\insta-auto\insta-auto\sns-instagram\app\(dashboard)../../../../../../../
create/actions.ts:53:17)

    console.log
      [Container Poll] Attempt 11: status_code = IN_PROGRESS

      at log (C:\Users\kjlup\projects\websites\insta-auto\insta-auto\sns-instagram\app\(dashboard)../../../../../../../
create/actions.ts:53:17)

    console.log
      [Container Poll] Attempt 12: status_code = IN_PROGRESS

      at log (C:\Users\kjlup\projects\websites\insta-auto\insta-auto\sns-instagram\app\(dashboard)../../../../../../../
create/actions.ts:53:17)

    console.warn
      [Container Poll] Timed out for container undefined

    [0m [90m 60 |[39m     }
     [90m 61 |[39m
    [31m[1m>[22m[39m[90m 62 |[39m     console[33m.[39mwarn([32m`[Container Poll] Timed out for container 
${containerId}`[39m)
     [90m    |[39m             [31m[1m^[22m[39m
     [90m 63 |[39m     [36mreturn[39m [36mfalse[39m
     [90m 64 |[39m }
     [90m 65 |[39m[0m

      at warn (C:\Users\kjlup\projects\websites\insta-auto\insta-auto\sns-instagram\app\(dashboard)../../../../../../..
/create/actions.ts:62:13)
      at publishNow (C:\Users\kjlup\projects\websites\insta-auto\insta-auto\sns-instagram\app\(dashboard)../../../../..
/../../create/actions.ts:317:23)
      at Object.<anonymous> (__tests__/unit/create/createActions.test.ts:295:20)

    console.warn
      A function to advance timers was called but the timers APIs are not replaced with fake timers. Call 
`jest.useFakeTimers()` in this test file or enable fake timers for all tests by setting 'fakeTimers': 
{'enableGlobally': true} in Jest configuration file.
      Stack Trace:
      
          [0m [90m 311 |[39m
           [90m 312 |[39m     [36mconst[39m promise [33m=[39m publishNow(fd())
          [31m[1m>[22m[39m[90m 313 |[39m     [36mawait[39m jest[33m.[39mrunAllTimersAsync()
           [90m     |[39m                [31m[1m^[22m[39m
           [90m 314 |[39m     [36mconst[39m result [33m=[39m [36mawait[39m promise
           [90m 315 |[39m
           [90m 316 |[39m     expect(result)[33m.[39mtoEqual({ success[33m:[39m [36mtrue[39m[33m,[39m 
data[33m:[39m { postId[33m:[39m [32m'post-1'[39m } })[0m
      
            Error: 
            at FakeTimers._checkFakeTimers (node_modules/@jest/fake-timers/build/index.js:646:7)
            at FakeTimers.runAllTimersAsync (node_modules/@jest/fake-timers/build/index.js:536:14)
            at Object.runAllTimersAsync (__tests__/unit/create/createActions.test.ts:313:16)

    [0m [90m 311 |[39m
     [90m 312 |[39m     [36mconst[39m promise [33m=[39m publishNow(fd())
    [31m[1m>[22m[39m[90m 313 |[39m     [36mawait[39m jest[33m.[39mrunAllTimersAsync()
     [90m     |[39m                [31m[1m^[22m[39m
     [90m 314 |[39m     [36mconst[39m result [33m=[39m [36mawait[39m promise
     [90m 315 |[39m
     [90m 316 |[39m     expect(result)[33m.[39mtoEqual({ success[33m:[39m [36mtrue[39m[33m,[39m 
data[33m:[39m { postId[33m:[39m [32m'post-1'[39m } })[0m

      at FakeTimers._checkFakeTimers (node_modules/@jest/fake-timers/build/index.js:644:28)
      at FakeTimers.runAllTimersAsync (node_modules/@jest/fake-timers/build/index.js:536:14)
      at Object.runAllTimersAsync (__tests__/unit/create/createActions.test.ts:313:16)

    console.log
      [publishNow] Container created: cont-1, isVideo: false

      at log (C:\Users\kjlup\projects\websites\insta-auto\insta-auto\sns-instagram\app\(dashboard)../../../../../../../
create/actions.ts:315:17)

    console.log
      [Container Poll] Attempt 1: status_code = FINISHED

      at log (C:\Users\kjlup\projects\websites\insta-auto\insta-auto\sns-instagram\app\(dashboard)../../../../../../../
create/actions.ts:53:17)

    console.warn
      [publishNow] Media not ready, retrying (attempt 1/3)ΓÇª

    [0m [90m 339 |[39m             }
     [90m 340 |[39m
    [31m[1m>[22m[39m[90m 341 |[39m             console[33m.[39mwarn([32m`[publishNow] Media not ready, 
retrying (attempt ${attempt}/${PUBLISH_MAX_RETRIES})ΓÇª`[39m)
     [90m     |[39m                     [31m[1m^[22m[39m
     [90m 342 |[39m             [36mawait[39m sleep([35m5[39m_000)
     [90m 343 |[39m         }
     [90m 344 |[39m[0m

      at warn (C:\Users\kjlup\projects\websites\insta-auto\insta-auto\sns-instagram\app\(dashboard)../../../../../../..
/create/actions.ts:341:21)
      at Object.<anonymous> (__tests__/unit/create/createActions.test.ts:314:20)

    console.warn
      [publishNow] Media not ready, retrying (attempt 2/3)ΓÇª

    [0m [90m 339 |[39m             }
     [90m 340 |[39m
    [31m[1m>[22m[39m[90m 341 |[39m             console[33m.[39mwarn([32m`[publishNow] Media not ready, 
retrying (attempt ${attempt}/${PUBLISH_MAX_RETRIES})ΓÇª`[39m)
     [90m     |[39m                     [31m[1m^[22m[39m
     [90m 342 |[39m             [36mawait[39m sleep([35m5[39m_000)
     [90m 343 |[39m         }
     [90m 344 |[39m[0m

      at warn (C:\Users\kjlup\projects\websites\insta-auto\insta-auto\sns-instagram\app\(dashboard)../../../../../../..
/create/actions.ts:341:21)
      at Object.<anonymous> (__tests__/unit/create/createActions.test.ts:314:20)

    console.warn
      A function to advance timers was called but the timers APIs are not replaced with fake timers. Call 
`jest.useFakeTimers()` in this test file or enable fake timers for all tests by setting 'fakeTimers': 
{'enableGlobally': true} in Jest configuration file.
      Stack Trace:
      
          [0m [90m 327 |[39m
           [90m 328 |[39m     [36mconst[39m promise [33m=[39m publishNow(fd())
          [31m[1m>[22m[39m[90m 329 |[39m     [36mawait[39m jest[33m.[39mrunAllTimersAsync()
           [90m     |[39m                [31m[1m^[22m[39m
           [90m 330 |[39m     [36mconst[39m result [33m=[39m [36mawait[39m promise
           [90m 331 |[39m
           [90m 332 |[39m     expect(result[33m.[39merror)[33m.[39mtoMatch([35m/IG Publish Error/i[39m)[0m
      
            Error: 
            at FakeTimers._checkFakeTimers (node_modules/@jest/fake-timers/build/index.js:646:7)
            at FakeTimers.runAllTimersAsync (node_modules/@jest/fake-timers/build/index.js:536:14)
            at Object.runAllTimersAsync (__tests__/unit/create/createActions.test.ts:329:16)

    [0m [90m 327 |[39m
     [90m 328 |[39m     [36mconst[39m promise [33m=[39m publishNow(fd())
    [31m[1m>[22m[39m[90m 329 |[39m     [36mawait[39m jest[33m.[39mrunAllTimersAsync()
     [90m     |[39m                [31m[1m^[22m[39m
     [90m 330 |[39m     [36mconst[39m result [33m=[39m [36mawait[39m promise
     [90m 331 |[39m
     [90m 332 |[39m     expect(result[33m.[39merror)[33m.[39mtoMatch([35m/IG Publish Error/i[39m)[0m

      at FakeTimers._checkFakeTimers (node_modules/@jest/fake-timers/build/index.js:644:28)
      at FakeTimers.runAllTimersAsync (node_modules/@jest/fake-timers/build/index.js:536:14)
      at Object.runAllTimersAsync (__tests__/unit/create/createActions.test.ts:329:16)

    console.log
      [publishNow] Container created: cont-1, isVideo: false

      at log (C:\Users\kjlup\projects\websites\insta-auto\insta-auto\sns-instagram\app\(dashboard)../../../../../../../
create/actions.ts:315:17)

    console.log
      [Container Poll] Attempt 1: status_code = FINISHED

      at log (C:\Users\kjlup\projects\websites\insta-auto\insta-auto\sns-instagram\app\(dashboard)../../../../../../../
create/actions.ts:53:17)

    console.error
      [publishNow] IG Publish Error (attempt 1): { message: 'Permission denied', error_subcode: 9999 }

    [0m [90m 335 |[39m             [36mconst[39m isTransient [33m=[39m 
publishData[33m![39m[33m.[39merror[33m?[39m[33m.[39merror_subcode [33m===[39m 
[33mIG_SUBCODE_MEDIA_NOT_READY[39m
     [90m 336 |[39m             [36mif[39m ([33m![39misTransient [33m||[39m attempt [33m===[39m 
[33mPUBLISH_MAX_RETRIES[39m) {
    [31m[1m>[22m[39m[90m 337 |[39m                 console[33m.[39merror([32m`[publishNow] IG Publish Error 
(attempt ${attempt}):`[39m[33m,[39m publishData[33m![39m[33m.[39merror)
     [90m     |[39m                         [31m[1m^[22m[39m
     [90m 338 |[39m                 [36mreturn[39m { error[33m:[39m [32m`IG Publish Error: 
${publishData!.error?.message ?? 'Unknown'}`[39m }
     [90m 339 |[39m             }
     [90m 340 |[39m[0m

      at error (C:\Users\kjlup\projects\websites\insta-auto\insta-auto\sns-instagram\app\(dashboard)../../../../../../.
./create/actions.ts:337:25)
      at Object.<anonymous> (__tests__/unit/create/createActions.test.ts:330:20)

    console.warn
      A function to advance timers was called but the timers APIs are not replaced with fake timers. Call 
`jest.useFakeTimers()` in this test file or enable fake timers for all tests by setting 'fakeTimers': 
{'enableGlobally': true} in Jest configuration file.
      Stack Trace:
      
          [0m [90m 347 |[39m
           [90m 348 |[39m     [36mconst[39m promise [33m=[39m publishNow(fd({ [32m'mediaUrls[]'[39m[33m:[39m 
[[32m'u1'[39m[33m,[39m [32m'u2'[39m[33m,[39m [32m'u3'[39m] }))
          [31m[1m>[22m[39m[90m 349 |[39m     [36mawait[39m jest[33m.[39mrunAllTimersAsync()
           [90m     |[39m                [31m[1m^[22m[39m
           [90m 350 |[39m     [36mconst[39m result [33m=[39m [36mawait[39m promise
           [90m 351 |[39m
           [90m 352 |[39m     expect(result)[33m.[39mtoEqual({ success[33m:[39m [36mtrue[39m[33m,[39m 
data[33m:[39m { postId[33m:[39m [32m'post-1'[39m } })[0m
      
            Error: 
            at FakeTimers._checkFakeTimers (node_modules/@jest/fake-timers/build/index.js:646:7)
            at FakeTimers.runAllTimersAsync (node_modules/@jest/fake-timers/build/index.js:536:14)
            at Object.runAllTimersAsync (__tests__/unit/create/createActions.test.ts:349:16)

    [0m [90m 347 |[39m
     [90m 348 |[39m     [36mconst[39m promise [33m=[39m publishNow(fd({ [32m'mediaUrls[]'[39m[33m:[39m 
[[32m'u1'[39m[33m,[39m [32m'u2'[39m[33m,[39m [32m'u3'[39m] }))
    [31m[1m>[22m[39m[90m 349 |[39m     [36mawait[39m jest[33m.[39mrunAllTimersAsync()
     [90m     |[39m                [31m[1m^[22m[39m
     [90m 350 |[39m     [36mconst[39m result [33m=[39m [36mawait[39m promise
     [90m 351 |[39m
     [90m 352 |[39m     expect(result)[33m.[39mtoEqual({ success[33m:[39m [36mtrue[39m[33m,[39m 
data[33m:[39m { postId[33m:[39m [32m'post-1'[39m } })[0m

      at FakeTimers._checkFakeTimers (node_modules/@jest/fake-timers/build/index.js:644:28)
      at FakeTimers.runAllTimersAsync (node_modules/@jest/fake-timers/build/index.js:536:14)
      at Object.runAllTimersAsync (__tests__/unit/create/createActions.test.ts:349:16)

    console.log
      [Container Poll] Attempt 1: status_code = FINISHED

      at log (C:\Users\kjlup\projects\websites\insta-auto\insta-auto\sns-instagram\app\(dashboard)../../../../../../../
create/actions.ts:53:17)

    console.warn
      A function to advance timers was called but the timers APIs are not replaced with fake timers. Call 
`jest.useFakeTimers()` in this test file or enable fake timers for all tests by setting 'fakeTimers': 
{'enableGlobally': true} in Jest configuration file.
      Stack Trace:
      
          [0m [90m 364 |[39m     mockRequireAuth[33m.[39mmockResolvedValue([32m'test-user-id'[39m)
           [90m 365 |[39m     [36mconst[39m promise [33m=[39m publishNow(fd({ connectedAccountId[33m:[39m 
[32m''[39m }))
          [31m[1m>[22m[39m[90m 366 |[39m     [36mawait[39m jest[33m.[39mrunAllTimersAsync()
           [90m     |[39m                [31m[1m^[22m[39m
           [90m 367 |[39m     [36mconst[39m result [33m=[39m [36mawait[39m promise
           [90m 368 |[39m
           [90m 369 |[39m     expect(result)[33m.[39mtoEqual({ error[33m:[39m [32m'Please select an Instagram 
account first.'[39m })[0m
      
            Error: 
            at FakeTimers._checkFakeTimers (node_modules/@jest/fake-timers/build/index.js:646:7)
            at FakeTimers.runAllTimersAsync (node_modules/@jest/fake-timers/build/index.js:536:14)
            at Object.runAllTimersAsync (__tests__/unit/create/createActions.test.ts:366:16)

    [0m [90m 364 |[39m     mockRequireAuth[33m.[39mmockResolvedValue([32m'test-user-id'[39m)
     [90m 365 |[39m     [36mconst[39m promise [33m=[39m publishNow(fd({ connectedAccountId[33m:[39m 
[32m''[39m }))
    [31m[1m>[22m[39m[90m 366 |[39m     [36mawait[39m jest[33m.[39mrunAllTimersAsync()
     [90m     |[39m                [31m[1m^[22m[39m
     [90m 367 |[39m     [36mconst[39m result [33m=[39m [36mawait[39m promise
     [90m 368 |[39m
     [90m 369 |[39m     expect(result)[33m.[39mtoEqual({ error[33m:[39m [32m'Please select an Instagram account 
first.'[39m })[0m

      at FakeTimers._checkFakeTimers (node_modules/@jest/fake-timers/build/index.js:644:28)
      at FakeTimers.runAllTimersAsync (node_modules/@jest/fake-timers/build/index.js:536:14)
      at Object.runAllTimersAsync (__tests__/unit/create/createActions.test.ts:366:16)

    console.warn
      A function to advance timers was called but the timers APIs are not replaced with fake timers. Call 
`jest.useFakeTimers()` in this test file or enable fake timers for all tests by setting 'fakeTimers': 
{'enableGlobally': true} in Jest configuration file.
      Stack Trace:
      
          [0m [90m 375 |[39m     f[33m.[39m[36mdelete[39m([32m'mediaUrl'[39m)
           [90m 376 |[39m     [36mconst[39m promise [33m=[39m publishNow(f)
          [31m[1m>[22m[39m[90m 377 |[39m     [36mawait[39m jest[33m.[39mrunAllTimersAsync()
           [90m     |[39m                [31m[1m^[22m[39m
           [90m 378 |[39m     [36mconst[39m result [33m=[39m [36mawait[39m promise
           [90m 379 |[39m
           [90m 380 |[39m     expect(result)[33m.[39mtoEqual({ error[33m:[39m [32m'Please upload an image or 
video.'[39m })[0m
      
            Error: 
            at FakeTimers._checkFakeTimers (node_modules/@jest/fake-timers/build/index.js:646:7)
            at FakeTimers.runAllTimersAsync (node_modules/@jest/fake-timers/build/index.js:536:14)
            at Object.runAllTimersAsync (__tests__/unit/create/createActions.test.ts:377:16)

    [0m [90m 375 |[39m     f[33m.[39m[36mdelete[39m([32m'mediaUrl'[39m)
     [90m 376 |[39m     [36mconst[39m promise [33m=[39m publishNow(f)
    [31m[1m>[22m[39m[90m 377 |[39m     [36mawait[39m jest[33m.[39mrunAllTimersAsync()
     [90m     |[39m                [31m[1m^[22m[39m
     [90m 378 |[39m     [36mconst[39m result [33m=[39m [36mawait[39m promise
     [90m 379 |[39m
     [90m 380 |[39m     expect(result)[33m.[39mtoEqual({ error[33m:[39m [32m'Please upload an image or 
video.'[39m })[0m

      at FakeTimers._checkFakeTimers (node_modules/@jest/fake-timers/build/index.js:644:28)
      at FakeTimers.runAllTimersAsync (node_modules/@jest/fake-timers/build/index.js:536:14)
      at Object.runAllTimersAsync (__tests__/unit/create/createActions.test.ts:377:16)

    console.warn
      A function to advance timers was called but the timers APIs are not replaced with fake timers. Call 
`jest.useFakeTimers()` in this test file or enable fake timers for all tests by setting 'fakeTimers': 
{'enableGlobally': true} in Jest configuration file.
      Stack Trace:
      
          [0m [90m 385 |[39m     [33m;[39m(prisma[33m.[39mconnectedAccount[33m.[39mfindUnique [36mas[39m 
jest[33m.[39m[33mMock[39m)[33m.[39mmockResolvedValue([36mnull[39m)
           [90m 386 |[39m     [36mconst[39m promise [33m=[39m publishNow(fd())
          [31m[1m>[22m[39m[90m 387 |[39m     [36mawait[39m jest[33m.[39mrunAllTimersAsync()
           [90m     |[39m                [31m[1m^[22m[39m
           [90m 388 |[39m     [36mconst[39m result [33m=[39m [36mawait[39m promise
           [90m 389 |[39m
           [90m 390 |[39m     expect(result)[33m.[39mtoEqual({ error[33m:[39m [32m'Instagram account not 
properly configured.'[39m })[0m
      
            Error: 
            at FakeTimers._checkFakeTimers (node_modules/@jest/fake-timers/build/index.js:646:7)
            at FakeTimers.runAllTimersAsync (node_modules/@jest/fake-timers/build/index.js:536:14)
            at Object.runAllTimersAsync (__tests__/unit/create/createActions.test.ts:387:16)

    [0m [90m 385 |[39m     [33m;[39m(prisma[33m.[39mconnectedAccount[33m.[39mfindUnique [36mas[39m 
jest[33m.[39m[33mMock[39m)[33m.[39mmockResolvedValue([36mnull[39m)
     [90m 386 |[39m     [36mconst[39m promise [33m=[39m publishNow(fd())
    [31m[1m>[22m[39m[90m 387 |[39m     [36mawait[39m jest[33m.[39mrunAllTimersAsync()
     [90m     |[39m                [31m[1m^[22m[39m
     [90m 388 |[39m     [36mconst[39m result [33m=[39m [36mawait[39m promise
     [90m 389 |[39m
     [90m 390 |[39m     expect(result)[33m.[39mtoEqual({ error[33m:[39m [32m'Instagram account not properly 
configured.'[39m })[0m

      at FakeTimers._checkFakeTimers (node_modules/@jest/fake-timers/build/index.js:644:28)
      at FakeTimers.runAllTimersAsync (node_modules/@jest/fake-timers/build/index.js:536:14)
      at Object.runAllTimersAsync (__tests__/unit/create/createActions.test.ts:387:16)

    console.warn
      A function to advance timers was called but the timers APIs are not replaced with fake timers. Call 
`jest.useFakeTimers()` in this test file or enable fake timers for all tests by setting 'fakeTimers': 
{'enableGlobally': true} in Jest configuration file.
      Stack Trace:
      
          [0m [90m 394 |[39m     
mockRequireAuth[33m.[39mmockRejectedValue([33mObject[39m[33m.[39massign([36mnew[39m 
[33mError[39m([32m'Unauthorized'[39m)[33m,[39m { isAuthError[33m:[39m [36mtrue[39m }))
           [90m 395 |[39m     [36mconst[39m promise [33m=[39m publishNow(fd())
          [31m[1m>[22m[39m[90m 396 |[39m     [36mawait[39m jest[33m.[39mrunAllTimersAsync()
           [90m     |[39m                [31m[1m^[22m[39m
           [90m 397 |[39m     [36mconst[39m result [33m=[39m [36mawait[39m promise
           [90m 398 |[39m
           [90m 399 |[39m     expect(result)[33m.[39mtoEqual({ error[33m:[39m [32m'Unauthorized'[39m })[0m
      
            Error: 
            at FakeTimers._checkFakeTimers (node_modules/@jest/fake-timers/build/index.js:646:7)
            at FakeTimers.runAllTimersAsync (node_modules/@jest/fake-timers/build/index.js:536:14)
            at Object.runAllTimersAsync (__tests__/unit/create/createActions.test.ts:396:16)

    [0m [90m 394 |[39m     
mockRequireAuth[33m.[39mmockRejectedValue([33mObject[39m[33m.[39massign([36mnew[39m 
[33mError[39m([32m'Unauthorized'[39m)[33m,[39m { isAuthError[33m:[39m [36mtrue[39m }))
     [90m 395 |[39m     [36mconst[39m promise [33m=[39m publishNow(fd())
    [31m[1m>[22m[39m[90m 396 |[39m     [36mawait[39m jest[33m.[39mrunAllTimersAsync()
     [90m     |[39m                [31m[1m^[22m[39m
     [90m 397 |[39m     [36mconst[39m result [33m=[39m [36mawait[39m promise
     [90m 398 |[39m
     [90m 399 |[39m     expect(result)[33m.[39mtoEqual({ error[33m:[39m [32m'Unauthorized'[39m })[0m

      at FakeTimers._checkFakeTimers (node_modules/@jest/fake-timers/build/index.js:644:28)
      at FakeTimers.runAllTimersAsync (node_modules/@jest/fake-timers/build/index.js:536:14)
      at Object.runAllTimersAsync (__tests__/unit/create/createActions.test.ts:396:16)

    console.error
      [getSignedUploadUrl] { message: 'Quota exceeded' }

    [0m [90m 87 |[39m
     [90m 88 |[39m         [36mif[39m (error) {
    [31m[1m>[22m[39m[90m 89 |[39m             
console[33m.[39merror([32m'[getSignedUploadUrl]'[39m[33m,[39m error)
     [90m    |[39m                     [31m[1m^[22m[39m
     [90m 90 |[39m             [36mreturn[39m { error[33m:[39m error[33m.[39mmessage }
     [90m 91 |[39m         }
     [90m 92 |[39m         [36mreturn[39m { signedUrl[33m:[39m data[33m.[39msignedUrl[33m,[39m 
token[33m:[39m data[33m.[39mtoken[33m,[39m path[33m:[39m data[33m.[39mpath }[0m

      at error (C:\Users\kjlup\projects\websites\insta-auto\insta-auto\sns-instagram\app\(dashboard)../../../../../../.
./create/actions.ts:89:21)
      at Object.<anonymous> (__tests__/unit/create/createActions.test.ts:429:20)

    console.error
      [getSignedUploadUrl] Error: Unauthorized
          at Object.<anonymous> (C:\Users\kjlup\projects\websites\insta-auto\insta-auto\sns-instagram\__tests__\unit\cr
eate\createActions.test.ts:435:53)
          at Promise.finally.completed (C:\Users\kjlup\projects\websites\insta-auto\insta-auto\sns-instagram\node_modul
es\jest-circus\build\jestAdapterInit.js:1557:28)
          at new Promise (<anonymous>)
          at callAsyncCircusFn (C:\Users\kjlup\projects\websites\insta-auto\insta-auto\sns-instagram\node_modules\jest-
circus\build\jestAdapterInit.js:1497:10)
          at _callCircusTest (C:\Users\kjlup\projects\websites\insta-auto\insta-auto\sns-instagram\node_modules\jest-ci
rcus\build\jestAdapterInit.js:1007:40)
          at processTicksAndRejections (node:internal/process/task_queues:105:5)
          at _runTest (C:\Users\kjlup\projects\websites\insta-auto\insta-auto\sns-instagram\node_modules\jest-circus\bu
ild\jestAdapterInit.js:947:3)
          at C:\Users\kjlup\projects\websites\insta-auto\insta-auto\sns-instagram\node_modules\jest-circus\build\jestAd
apterInit.js:849:7
          at _runTestsForDescribeBlock (C:\Users\kjlup\projects\websites\insta-auto\insta-auto\sns-instagram\node_modul
es\jest-circus\build\jestAdapterInit.js:862:11)
          at _runTestsForDescribeBlock (C:\Users\kjlup\projects\websites\insta-auto\insta-auto\sns-instagram\node_modul
es\jest-circus\build\jestAdapterInit.js:857:11)
          at run (C:\Users\kjlup\projects\websites\insta-auto\insta-auto\sns-instagram\node_modules\jest-circus\build\j
estAdapterInit.js:761:3)
          at runAndTransformResultsToJestFormat (C:\Users\kjlup\projects\websites\insta-auto\insta-auto\sns-instagram\n
ode_modules\jest-circus\build\jestAdapterInit.js:1918:21)
          at jestAdapter 
(C:\Users\kjlup\projects\websites\insta-auto\insta-auto\sns-instagram\node_modules\jest-circus\build\runner.js:101:19)
          at runTestInternal (C:\Users\kjlup\projects\websites\insta-auto\insta-auto\sns-instagram\node_modules\jest-ru
nner\build\testWorker.js:275:16)
          at runTest (C:\Users\kjlup\projects\websites\insta-auto\insta-auto\sns-instagram\node_modules\jest-runner\bui
ld\testWorker.js:343:7)
          at Object.worker (C:\Users\kjlup\projects\websites\insta-auto\insta-auto\sns-instagram\node_modules\jest-runn
er\build\testWorker.js:497:12) {
        isAuthError: true
      }

    [0m [90m 92 |[39m         [36mreturn[39m { signedUrl[33m:[39m data[33m.[39msignedUrl[33m,[39m 
token[33m:[39m data[33m.[39mtoken[33m,[39m path[33m:[39m data[33m.[39mpath }
     [90m 93 |[39m     } [36mcatch[39m (e) {
    [31m[1m>[22m[39m[90m 94 |[39m         console[33m.[39merror([32m'[getSignedUploadUrl]'[39m[33m,[39m e)
     [90m    |[39m                 [31m[1m^[22m[39m
     [90m 95 |[39m         [36mreturn[39m { error[33m:[39m e [36minstanceof[39m [33mError[39m [33m?[39m 
e[33m.[39mmessage [33m:[39m [32m'Unknown error'[39m }
     [90m 96 |[39m     }
     [90m 97 |[39m }[0m

      at error (C:\Users\kjlup\projects\websites\insta-auto\insta-auto\sns-instagram\app\(dashboard)../../../../../../.
./create/actions.ts:94:17)
      at Object.<anonymous> (__tests__/unit/create/createActions.test.ts:436:20)

    console.error
      [getProjectImageUploadUrl] Error: Unauthorized
          at Object.<anonymous> (C:\Users\kjlup\projects\websites\insta-auto\insta-auto\sns-instagram\__tests__\unit\cr
eate\createActions.test.ts:488:53)
          at Promise.finally.completed (C:\Users\kjlup\projects\websites\insta-auto\insta-auto\sns-instagram\node_modul
es\jest-circus\build\jestAdapterInit.js:1557:28)
          at new Promise (<anonymous>)
          at callAsyncCircusFn (C:\Users\kjlup\projects\websites\insta-auto\insta-auto\sns-instagram\node_modules\jest-
circus\build\jestAdapterInit.js:1497:10)
          at _callCircusTest (C:\Users\kjlup\projects\websites\insta-auto\insta-auto\sns-instagram\node_modules\jest-ci
rcus\build\jestAdapterInit.js:1007:40)
          at processTicksAndRejections (node:internal/process/task_queues:105:5)
          at _runTest (C:\Users\kjlup\projects\websites\insta-auto\insta-auto\sns-instagram\node_modules\jest-circus\bu
ild\jestAdapterInit.js:947:3)
          at C:\Users\kjlup\projects\websites\insta-auto\insta-auto\sns-instagram\node_modules\jest-circus\build\jestAd
apterInit.js:849:7
          at _runTestsForDescribeBlock (C:\Users\kjlup\projects\websites\insta-auto\insta-auto\sns-instagram\node_modul
es\jest-circus\build\jestAdapterInit.js:862:11)
          at _runTestsForDescribeBlock (C:\Users\kjlup\projects\websites\insta-auto\insta-auto\sns-instagram\node_modul
es\jest-circus\build\jestAdapterInit.js:857:11)
          at run (C:\Users\kjlup\projects\websites\insta-auto\insta-auto\sns-instagram\node_modules\jest-circus\build\j
estAdapterInit.js:761:3)
          at runAndTransformResultsToJestFormat (C:\Users\kjlup\projects\websites\insta-auto\insta-auto\sns-instagram\n
ode_modules\jest-circus\build\jestAdapterInit.js:1918:21)
          at jestAdapter 
(C:\Users\kjlup\projects\websites\insta-auto\insta-auto\sns-instagram\node_modules\jest-circus\build\runner.js:101:19)
          at runTestInternal (C:\Users\kjlup\projects\websites\insta-auto\insta-auto\sns-instagram\node_modules\jest-ru
nner\build\testWorker.js:275:16)
          at runTest (C:\Users\kjlup\projects\websites\insta-auto\insta-auto\sns-instagram\node_modules\jest-runner\bui
ld\testWorker.js:343:7)
          at Object.worker (C:\Users\kjlup\projects\websites\insta-auto\insta-auto\sns-instagram\node_modules\jest-runn
er\build\testWorker.js:497:12) {
        isAuthError: true
      }

    [0m [90m 135 |[39m         }
     [90m 136 |[39m     } [36mcatch[39m (e) {
    [31m[1m>[22m[39m[90m 137 |[39m         
console[33m.[39merror([32m'[getProjectImageUploadUrl]'[39m[33m,[39m e)
     [90m     |[39m                 [31m[1m^[22m[39m
     [90m 138 |[39m         [36mreturn[39m { error[33m:[39m e [36minstanceof[39m [33mError[39m [33m?[39m 
e[33m.[39mmessage [33m:[39m [32m'Unknown error'[39m }
     [90m 139 |[39m     }
     [90m 140 |[39m }[0m

      at error (C:\Users\kjlup\projects\websites\insta-auto\insta-auto\sns-instagram\app\(dashboard)../../../../../../.
./create/actions.ts:137:17)
      at Object.<anonymous> (__tests__/unit/create/createActions.test.ts:489:20)

    console.error
      [registerProjectImages] Error: Unauthorized
          at Object.<anonymous> (C:\Users\kjlup\projects\websites\insta-auto\insta-auto\sns-instagram\__tests__\unit\cr
eate\createActions.test.ts:521:53)
          at Promise.finally.completed (C:\Users\kjlup\projects\websites\insta-auto\insta-auto\sns-instagram\node_modul
es\jest-circus\build\jestAdapterInit.js:1557:28)
          at new Promise (<anonymous>)
          at callAsyncCircusFn (C:\Users\kjlup\projects\websites\insta-auto\insta-auto\sns-instagram\node_modules\jest-
circus\build\jestAdapterInit.js:1497:10)
          at _callCircusTest (C:\Users\kjlup\projects\websites\insta-auto\insta-auto\sns-instagram\node_modules\jest-ci
rcus\build\jestAdapterInit.js:1007:40)
          at processTicksAndRejections (node:internal/process/task_queues:105:5)
          at _runTest (C:\Users\kjlup\projects\websites\insta-auto\insta-auto\sns-instagram\node_modules\jest-circus\bu
ild\jestAdapterInit.js:947:3)
          at C:\Users\kjlup\projects\websites\insta-auto\insta-auto\sns-instagram\node_modules\jest-circus\build\jestAd
apterInit.js:849:7
          at _runTestsForDescribeBlock (C:\Users\kjlup\projects\websites\insta-auto\insta-auto\sns-instagram\node_modul
es\jest-circus\build\jestAdapterInit.js:862:11)
          at _runTestsForDescribeBlock (C:\Users\kjlup\projects\websites\insta-auto\insta-auto\sns-instagram\node_modul
es\jest-circus\build\jestAdapterInit.js:857:11)
          at run (C:\Users\kjlup\projects\websites\insta-auto\insta-auto\sns-instagram\node_modules\jest-circus\build\j
estAdapterInit.js:761:3)
          at runAndTransformResultsToJestFormat (C:\Users\kjlup\projects\websites\insta-auto\insta-auto\sns-instagram\n
ode_modules\jest-circus\build\jestAdapterInit.js:1918:21)
          at jestAdapter 
(C:\Users\kjlup\projects\websites\insta-auto\insta-auto\sns-instagram\node_modules\jest-circus\build\runner.js:101:19)
          at runTestInternal (C:\Users\kjlup\projects\websites\insta-auto\insta-auto\sns-instagram\node_modules\jest-ru
nner\build\testWorker.js:275:16)
          at runTest (C:\Users\kjlup\projects\websites\insta-auto\insta-auto\sns-instagram\node_modules\jest-runner\bui
ld\testWorker.js:343:7)
          at Object.worker (C:\Users\kjlup\projects\websites\insta-auto\insta-auto\sns-instagram\node_modules\jest-runn
er\build\testWorker.js:497:12) {
        isAuthError: true
      }

    [0m [90m 158 |[39m         [36mreturn[39m { count[33m:[39m result[33m.[39mcount }
     [90m 159 |[39m     } [36mcatch[39m (e) {
    [31m[1m>[22m[39m[90m 160 |[39m         
console[33m.[39merror([32m'[registerProjectImages]'[39m[33m,[39m e)
     [90m     |[39m                 [31m[1m^[22m[39m
     [90m 161 |[39m         [36mreturn[39m { error[33m:[39m e [36minstanceof[39m [33mError[39m [33m?[39m 
e[33m.[39mmessage [33m:[39m [32m'Unknown error'[39m }
     [90m 162 |[39m     }
     [90m 163 |[39m }[0m

      at error (C:\Users\kjlup\projects\websites\insta-auto\insta-auto\sns-instagram\app\(dashboard)../../../../../../.
./create/actions.ts:160:17)
      at Object.<anonymous> (__tests__/unit/create/createActions.test.ts:522:20)

  ΓùÅ schedulePost ΓÇ║ should create post and PENDING schedule when future scheduledFor is provided

    TypeError: now should be milliseconds since UNIX epoch

    [0m [90m 137 |[39m     jest[33m.[39mclearAllMocks()
     [90m 138 |[39m     jest[33m.[39museFakeTimers()
    [31m[1m>[22m[39m[90m 139 |[39m     jest[33m.[39msetSystemTime([36mnew[39m 
[33mDate[39m([32m'2025-06-15T12:00:00Z'[39m))
     [90m     |[39m          [31m[1m^[22m[39m
     [90m 140 |[39m   })
     [90m 141 |[39m
     [90m 142 |[39m   afterEach(() [33m=>[39m {[0m

      at getEpoch (node_modules/@sinonjs/fake-timers/src/fake-timers-src.js:648:15)
      at Object.setSystemTime (node_modules/@sinonjs/fake-timers/src/fake-timers-src.js:2431:28)
      at FakeTimers.setSystemTime (node_modules/@jest/fake-timers/build/index.js:619:19)
      at Object.setSystemTime (__tests__/unit/create/createActions.test.ts:139:10)

  ΓùÅ schedulePost ΓÇ║ should return error when past scheduledFor is provided

    TypeError: now should be milliseconds since UNIX epoch

    [0m [90m 137 |[39m     jest[33m.[39mclearAllMocks()
     [90m 138 |[39m     jest[33m.[39museFakeTimers()
    [31m[1m>[22m[39m[90m 139 |[39m     jest[33m.[39msetSystemTime([36mnew[39m 
[33mDate[39m([32m'2025-06-15T12:00:00Z'[39m))
     [90m     |[39m          [31m[1m^[22m[39m
     [90m 140 |[39m   })
     [90m 141 |[39m
     [90m 142 |[39m   afterEach(() [33m=>[39m {[0m

      at getEpoch (node_modules/@sinonjs/fake-timers/src/fake-timers-src.js:648:15)
      at Object.setSystemTime (node_modules/@sinonjs/fake-timers/src/fake-timers-src.js:2431:28)
      at FakeTimers.setSystemTime (node_modules/@jest/fake-timers/build/index.js:619:19)
      at Object.setSystemTime (__tests__/unit/create/createActions.test.ts:139:10)

  ΓùÅ schedulePost ΓÇ║ should return error when scheduledFor is equal to now

    TypeError: now should be milliseconds since UNIX epoch

    [0m [90m 137 |[39m     jest[33m.[39mclearAllMocks()
     [90m 138 |[39m     jest[33m.[39museFakeTimers()
    [31m[1m>[22m[39m[90m 139 |[39m     jest[33m.[39msetSystemTime([36mnew[39m 
[33mDate[39m([32m'2025-06-15T12:00:00Z'[39m))
     [90m     |[39m          [31m[1m^[22m[39m
     [90m 140 |[39m   })
     [90m 141 |[39m
     [90m 142 |[39m   afterEach(() [33m=>[39m {[0m

      at getEpoch (node_modules/@sinonjs/fake-timers/src/fake-timers-src.js:648:15)
      at Object.setSystemTime (node_modules/@sinonjs/fake-timers/src/fake-timers-src.js:2431:28)
      at FakeTimers.setSystemTime (node_modules/@jest/fake-timers/build/index.js:619:19)
      at Object.setSystemTime (__tests__/unit/create/createActions.test.ts:139:10)

  ΓùÅ schedulePost ΓÇ║ should return error when scheduledFor is missing

    TypeError: now should be milliseconds since UNIX epoch

    [0m [90m 137 |[39m     jest[33m.[39mclearAllMocks()
     [90m 138 |[39m     jest[33m.[39museFakeTimers()
    [31m[1m>[22m[39m[90m 139 |[39m     jest[33m.[39msetSystemTime([36mnew[39m 
[33mDate[39m([32m'2025-06-15T12:00:00Z'[39m))
     [90m     |[39m          [31m[1m^[22m[39m
     [90m 140 |[39m   })
     [90m 141 |[39m
     [90m 142 |[39m   afterEach(() [33m=>[39m {[0m

      at getEpoch (node_modules/@sinonjs/fake-timers/src/fake-timers-src.js:648:15)
      at Object.setSystemTime (node_modules/@sinonjs/fake-timers/src/fake-timers-src.js:2431:28)
      at FakeTimers.setSystemTime (node_modules/@jest/fake-timers/build/index.js:619:19)
      at Object.setSystemTime (__tests__/unit/create/createActions.test.ts:139:10)

  ΓùÅ schedulePost ΓÇ║ should return error when mediaUrl is missing

    TypeError: now should be milliseconds since UNIX epoch

    [0m [90m 137 |[39m     jest[33m.[39mclearAllMocks()
     [90m 138 |[39m     jest[33m.[39museFakeTimers()
    [31m[1m>[22m[39m[90m 139 |[39m     jest[33m.[39msetSystemTime([36mnew[39m 
[33mDate[39m([32m'2025-06-15T12:00:00Z'[39m))
     [90m     |[39m          [31m[1m^[22m[39m
     [90m 140 |[39m   })
     [90m 141 |[39m
     [90m 142 |[39m   afterEach(() [33m=>[39m {[0m

      at getEpoch (node_modules/@sinonjs/fake-timers/src/fake-timers-src.js:648:15)
      at Object.setSystemTime (node_modules/@sinonjs/fake-timers/src/fake-timers-src.js:2431:28)
      at FakeTimers.setSystemTime (node_modules/@jest/fake-timers/build/index.js:619:19)
      at Object.setSystemTime (__tests__/unit/create/createActions.test.ts:139:10)

  ΓùÅ schedulePost ΓÇ║ should return error when connectedAccountId is missing

    TypeError: now should be milliseconds since UNIX epoch

    [0m [90m 137 |[39m     jest[33m.[39mclearAllMocks()
     [90m 138 |[39m     jest[33m.[39museFakeTimers()
    [31m[1m>[22m[39m[90m 139 |[39m     jest[33m.[39msetSystemTime([36mnew[39m 
[33mDate[39m([32m'2025-06-15T12:00:00Z'[39m))
     [90m     |[39m          [31m[1m^[22m[39m
     [90m 140 |[39m   })
     [90m 141 |[39m
     [90m 142 |[39m   afterEach(() [33m=>[39m {[0m

      at getEpoch (node_modules/@sinonjs/fake-timers/src/fake-timers-src.js:648:15)
      at Object.setSystemTime (node_modules/@sinonjs/fake-timers/src/fake-timers-src.js:2431:28)
      at FakeTimers.setSystemTime (node_modules/@jest/fake-timers/build/index.js:619:19)
      at Object.setSystemTime (__tests__/unit/create/createActions.test.ts:139:10)

  ΓùÅ schedulePost ΓÇ║ should store imageUrl as JSON array when multiple mediaUrls provided

    TypeError: now should be milliseconds since UNIX epoch

    [0m [90m 137 |[39m     jest[33m.[39mclearAllMocks()
     [90m 138 |[39m     jest[33m.[39museFakeTimers()
    [31m[1m>[22m[39m[90m 139 |[39m     jest[33m.[39msetSystemTime([36mnew[39m 
[33mDate[39m([32m'2025-06-15T12:00:00Z'[39m))
     [90m     |[39m          [31m[1m^[22m[39m
     [90m 140 |[39m   })
     [90m 141 |[39m
     [90m 142 |[39m   afterEach(() [33m=>[39m {[0m

      at getEpoch (node_modules/@sinonjs/fake-timers/src/fake-timers-src.js:648:15)
      at Object.setSystemTime (node_modules/@sinonjs/fake-timers/src/fake-timers-src.js:2431:28)
      at FakeTimers.setSystemTime (node_modules/@jest/fake-timers/build/index.js:619:19)
      at Object.setSystemTime (__tests__/unit/create/createActions.test.ts:139:10)

  ΓùÅ schedulePost ΓÇ║ should return error when unauthenticated

    TypeError: now should be milliseconds since UNIX epoch

    [0m [90m 137 |[39m     jest[33m.[39mclearAllMocks()
     [90m 138 |[39m     jest[33m.[39museFakeTimers()
    [31m[1m>[22m[39m[90m 139 |[39m     jest[33m.[39msetSystemTime([36mnew[39m 
[33mDate[39m([32m'2025-06-15T12:00:00Z'[39m))
     [90m     |[39m          [31m[1m^[22m[39m
     [90m 140 |[39m   })
     [90m 141 |[39m
     [90m 142 |[39m   afterEach(() [33m=>[39m {[0m

      at getEpoch (node_modules/@sinonjs/fake-timers/src/fake-timers-src.js:648:15)
      at Object.setSystemTime (node_modules/@sinonjs/fake-timers/src/fake-timers-src.js:2431:28)
      at FakeTimers.setSystemTime (node_modules/@jest/fake-timers/build/index.js:619:19)
      at Object.setSystemTime (__tests__/unit/create/createActions.test.ts:139:10)

  ΓùÅ publishNow ΓÇ║ should return success for carousel with 3 images

    expect(received).toContain(expected) // indexOf

    Expected substring: "media_type=CAROUSEL"
    Received string:    "{\"media_type\":\"CAROUSEL\",\"children\":\"child-1,child-2,child-3\",\"caption\":\"Test 
caption\",\"access_token\":\"token-abc\"}"

    [0m [90m 352 |[39m     expect(result)[33m.[39mtoEqual({ success[33m:[39m [36mtrue[39m[33m,[39m 
data[33m:[39m { postId[33m:[39m [32m'post-1'[39m } })
     [90m 353 |[39m     [36mconst[39m carouselFetchCall [33m=[39m 
mockFetch[33m.[39mmock[33m.[39mcalls[[35m3[39m]
    [31m[1m>[22m[39m[90m 354 |[39m     
expect(carouselFetchCall[[35m1[39m][33m.[39mbody)[33m.[39mtoContain([32m'media_type=CAROUSEL'[39m)
     [90m     |[39m                                       [31m[1m^[22m[39m
     [90m 355 |[39m     
expect(carouselFetchCall[[35m1[39m][33m.[39mbody)[33m.[39mtoContain([32m'child-1'[39m)
     [90m 356 |[39m     
expect(carouselFetchCall[[35m1[39m][33m.[39mbody)[33m.[39mtoContain([32m'child-2'[39m)
     [90m 357 |[39m     
expect(carouselFetchCall[[35m1[39m][33m.[39mbody)[33m.[39mtoContain([32m'child-3'[39m)[0m

      at Object.toContain (__tests__/unit/create/createActions.test.ts:354:39)

FAIL unit __tests__/unit/create/usePublishing.test.ts
  ΓùÅ Console

    console.error
      [usePublishing] Upload error: Error: Quota exceeded
          at C:\Users\kjlup\projects\websites\insta-auto\insta-auto\sns-instagram\app\(dashboard)\create\hooks\usePubli
shing.ts:48:27
          at async Promise.all (index 0)
          at uploadAllMedia (C:\Users\kjlup\projects\websites\insta-auto\insta-auto\sns-instagram\app\(dashboard)\creat
e\hooks\usePublishing.ts:38:26)
          at Object.publish (C:\Users\kjlup\projects\websites\insta-auto\insta-auto\sns-instagram\app\(dashboard)\creat
e\hooks\usePublishing.ts:120:22)
          at 
C:\Users\kjlup\projects\websites\insta-auto\insta-auto\sns-instagram\__tests__\unit\create\usePublishing.test.ts:98:7

    [0m [90m 64 |[39m             [36mreturn[39m urls [36mas[39m string[]
     [90m 65 |[39m         } [36mcatch[39m (error) {
    [31m[1m>[22m[39m[90m 66 |[39m             console[33m.[39merror([32m'[usePublishing] Upload 
error:'[39m[33m,[39m error)
     [90m    |[39m                     [31m[1m^[22m[39m
     [90m 67 |[39m             setResult({ error[33m:[39m 
[32m'πâíπâçπéúπéóπü«πéóπââπâùπâ¡πâ╝πâëπü½σñ▒µòùπüùπü╛πüùπüƒπÇéπééπüåΣ╕Çσ║ªπüèΦ⌐ªπüùπüÅπüáπüòπüäπÇé'[39m })
     [90m 68 |[39m             [36mreturn[39m [36mnull[39m
     [90m 69 |[39m         } [36mfinally[39m {[0m

      at error (C:\Users\kjlup\projects\websites\insta-auto\insta-auto\sns-instagram\app\(dashboard)../../../../../../.
./create/hooks/usePublishing.ts:66:21)
      at Object.publish (C:\Users\kjlup\projects\websites\insta-auto\insta-auto\sns-instagram\app\(dashboard)../../../.
./../../../create/hooks/usePublishing.ts:120:22)
      at __tests__/unit/create/usePublishing.test.ts:98:7

    console.error
      [usePublishing] Upload error: Error: fail
          at C:\Users\kjlup\projects\websites\insta-auto\insta-auto\sns-instagram\app\(dashboard)\create\hooks\usePubli
shing.ts:48:27
          at async Promise.all (index 0)
          at uploadAllMedia (C:\Users\kjlup\projects\websites\insta-auto\insta-auto\sns-instagram\app\(dashboard)\creat
e\hooks\usePublishing.ts:38:26)
          at Object.saveAsDraft (C:\Users\kjlup\projects\websites\insta-auto\insta-auto\sns-instagram\app\(dashboard)\c
reate\hooks\usePublishing.ts:146:22)
          at 
C:\Users\kjlup\projects\websites\insta-auto\insta-auto\sns-instagram\__tests__\unit\create\usePublishing.test.ts:278:7

    [0m [90m 64 |[39m             [36mreturn[39m urls [36mas[39m string[]
     [90m 65 |[39m         } [36mcatch[39m (error) {
    [31m[1m>[22m[39m[90m 66 |[39m             console[33m.[39merror([32m'[usePublishing] Upload 
error:'[39m[33m,[39m error)
     [90m    |[39m                     [31m[1m^[22m[39m
     [90m 67 |[39m             setResult({ error[33m:[39m 
[32m'πâíπâçπéúπéóπü«πéóπââπâùπâ¡πâ╝πâëπü½σñ▒µòùπüùπü╛πüùπüƒπÇéπééπüåΣ╕Çσ║ªπüèΦ⌐ªπüùπüÅπüáπüòπüäπÇé'[39m })
     [90m 68 |[39m             [36mreturn[39m [36mnull[39m
     [90m 69 |[39m         } [36mfinally[39m {[0m

      at error (C:\Users\kjlup\projects\websites\insta-auto\insta-auto\sns-instagram\app\(dashboard)../../../../../../.
./create/hooks/usePublishing.ts:66:21)
      at Object.saveAsDraft (C:\Users\kjlup\projects\websites\insta-auto\insta-auto\sns-instagram\app\(dashboard)../../
../../../../../create/hooks/usePublishing.ts:146:22)
      at __tests__/unit/create/usePublishing.test.ts:278:7

  ΓùÅ usePublishing ΓÇ║ uploadAllMedia ΓÇ║ should upload File items and replace with public URL

    expect(jest.fn()).toHaveBeenCalledWith(...expected)

    Expected: "photo.jpg", "image/jpeg"
    Received: "p7pwu50bf4d_1778732843808.jpg", "image/jpeg"

    Number of calls: 1

    [0m [90m 74 |[39m     })
     [90m 75 |[39m
    [31m[1m>[22m[39m[90m 76 |[39m     
expect(mockGetSignedUrl)[33m.[39mtoHaveBeenCalledWith([32m'photo.jpg'[39m[33m,[39m [32m'image/jpeg'[39m)
     [90m    |[39m                              [31m[1m^[22m[39m
     [90m 77 |[39m     expect(mockPublishNow)[33m.[39mtoHaveBeenCalled()
     [90m 78 |[39m     [36mconst[39m formData [33m=[39m 
mockPublishNow[33m.[39mmock[33m.[39mcalls[[35m0[39m][[35m0[39m] [36mas[39m [33mFormData[39m
     [90m 79 |[39m     expect(formData[33m.[39m[36mget[39m([32m'mediaUrl'[39m))[33m.[39mtoBe([32m'https://cd
n.test/uploaded.jpg'[39m)[0m

      at Object.toHaveBeenCalledWith (__tests__/unit/create/usePublishing.test.ts:76:30)

FAIL unit __tests__/unit/create/useProjectData.test.ts
  ΓùÅ Console

    console.error
      An update to TestComponent inside a test was not wrapped in act(...).
      
      When testing, code that causes React state updates should be wrapped into act(...):
      
      act(() => {
        /* fire events that update state */
      });
      /* assert on the output */
      
      This ensures that you're testing the behavior the user would see in the browser. Learn more at 
https://react.dev/link/wrap-tests-with-act

    [0m [90m 61 |[39m                 }
     [90m 62 |[39m             } [36mfinally[39m {
    [31m[1m>[22m[39m[90m 63 |[39m                 setIsLoadingHistory([36mfalse[39m)
     [90m    |[39m                 [31m[1m^[22m[39m
     [90m 64 |[39m             }
     [90m 65 |[39m         }
     [90m 66 |[39m[0m

      at node_modules/react-dom/cjs/react-dom-client.development.js:18758:19
      at runWithFiberInDEV (node_modules/react-dom/cjs/react-dom-client.development.js:874:13)
      at warnIfUpdatesNotWrappedWithActDEV (node_modules/react-dom/cjs/react-dom-client.development.js:18757:9)
      at scheduleUpdateOnFiber (node_modules/react-dom/cjs/react-dom-client.development.js:16409:11)
      at dispatchSetStateInternal (node_modules/react-dom/cjs/react-dom-client.development.js:9170:13)
      at dispatchSetState (node_modules/react-dom/cjs/react-dom-client.development.js:9127:7)
      at setIsLoadingHistory (C:\Users\kjlup\projects\websites\insta-auto\insta-auto\sns-instagram\app\(dashboard)../..
/../../../../../create/hooks/useProjectData.ts:63:17)

    console.error
      An update to TestComponent inside a test was not wrapped in act(...).
      
      When testing, code that causes React state updates should be wrapped into act(...):
      
      act(() => {
        /* fire events that update state */
      });
      /* assert on the output */
      
      This ensures that you're testing the behavior the user would see in the browser. Learn more at 
https://react.dev/link/wrap-tests-with-act

    [0m [90m 74 |[39m                 }
     [90m 75 |[39m             } [36mfinally[39m {
    [31m[1m>[22m[39m[90m 76 |[39m                 setIsLoadingDrafts([36mfalse[39m)
     [90m    |[39m                 [31m[1m^[22m[39m
     [90m 77 |[39m             }
     [90m 78 |[39m         }
     [90m 79 |[39m[0m

      at node_modules/react-dom/cjs/react-dom-client.development.js:18758:19
      at runWithFiberInDEV (node_modules/react-dom/cjs/react-dom-client.development.js:874:13)
      at warnIfUpdatesNotWrappedWithActDEV (node_modules/react-dom/cjs/react-dom-client.development.js:18757:9)
      at scheduleUpdateOnFiber (node_modules/react-dom/cjs/react-dom-client.development.js:16409:11)
      at dispatchSetStateInternal (node_modules/react-dom/cjs/react-dom-client.development.js:9170:13)
      at dispatchSetState (node_modules/react-dom/cjs/react-dom-client.development.js:9127:7)
      at setIsLoadingDrafts (C:\Users\kjlup\projects\websites\insta-auto\insta-auto\sns-instagram\app\(dashboard)../../
../../../../../create/hooks/useProjectData.ts:76:17)

    console.error
      An update to TestComponent inside a test was not wrapped in act(...).
      
      When testing, code that causes React state updates should be wrapped into act(...):
      
      act(() => {
        /* fire events that update state */
      });
      /* assert on the output */
      
      This ensures that you're testing the behavior the user would see in the browser. Learn more at 
https://react.dev/link/wrap-tests-with-act

    [0m [90m 87 |[39m                 }
     [90m 88 |[39m             } [36mfinally[39m {
    [31m[1m>[22m[39m[90m 89 |[39m                 setIsLoadingProjectImages([36mfalse[39m)
     [90m    |[39m                 [31m[1m^[22m[39m
     [90m 90 |[39m             }
     [90m 91 |[39m         }
     [90m 92 |[39m[0m

      at node_modules/react-dom/cjs/react-dom-client.development.js:18758:19
      at runWithFiberInDEV (node_modules/react-dom/cjs/react-dom-client.development.js:874:13)
      at warnIfUpdatesNotWrappedWithActDEV (node_modules/react-dom/cjs/react-dom-client.development.js:18757:9)
      at scheduleUpdateOnFiber (node_modules/react-dom/cjs/react-dom-client.development.js:16409:11)
      at dispatchSetStateInternal (node_modules/react-dom/cjs/react-dom-client.development.js:9170:13)
      at dispatchSetState (node_modules/react-dom/cjs/react-dom-client.development.js:9127:7)
      at setIsLoadingProjectImages (C:\Users\kjlup\projects\websites\insta-auto\insta-auto\sns-instagram\app\(dashboard
)../../../../../../../create/hooks/useProjectData.ts:89:17)

    console.error
      An update to TestComponent inside a test was not wrapped in act(...).
      
      When testing, code that causes React state updates should be wrapped into act(...):
      
      act(() => {
        /* fire events that update state */
      });
      /* assert on the output */
      
      This ensures that you're testing the behavior the user would see in the browser. Learn more at 
https://react.dev/link/wrap-tests-with-act

    [0m [90m 61 |[39m                 }
     [90m 62 |[39m             } [36mfinally[39m {
    [31m[1m>[22m[39m[90m 63 |[39m                 setIsLoadingHistory([36mfalse[39m)
     [90m    |[39m                 [31m[1m^[22m[39m
     [90m 64 |[39m             }
     [90m 65 |[39m         }
     [90m 66 |[39m[0m

      at node_modules/react-dom/cjs/react-dom-client.development.js:18758:19
      at runWithFiberInDEV (node_modules/react-dom/cjs/react-dom-client.development.js:874:13)
      at warnIfUpdatesNotWrappedWithActDEV (node_modules/react-dom/cjs/react-dom-client.development.js:18757:9)
      at scheduleUpdateOnFiber (node_modules/react-dom/cjs/react-dom-client.development.js:16409:11)
      at dispatchSetStateInternal (node_modules/react-dom/cjs/react-dom-client.development.js:9170:13)
      at dispatchSetState (node_modules/react-dom/cjs/react-dom-client.development.js:9127:7)
      at setIsLoadingHistory (C:\Users\kjlup\projects\websites\insta-auto\insta-auto\sns-instagram\app\(dashboard)../..
/../../../../../create/hooks/useProjectData.ts:63:17)

    console.error
      An update to TestComponent inside a test was not wrapped in act(...).
      
      When testing, code that causes React state updates should be wrapped into act(...):
      
      act(() => {
        /* fire events that update state */
      });
      /* assert on the output */
      
      This ensures that you're testing the behavior the user would see in the browser. Learn more at 
https://react.dev/link/wrap-tests-with-act

    [0m [90m 74 |[39m                 }
     [90m 75 |[39m             } [36mfinally[39m {
    [31m[1m>[22m[39m[90m 76 |[39m                 setIsLoadingDrafts([36mfalse[39m)
     [90m    |[39m                 [31m[1m^[22m[39m
     [90m 77 |[39m             }
     [90m 78 |[39m         }
     [90m 79 |[39m[0m

      at node_modules/react-dom/cjs/react-dom-client.development.js:18758:19
      at runWithFiberInDEV (node_modules/react-dom/cjs/react-dom-client.development.js:874:13)
      at warnIfUpdatesNotWrappedWithActDEV (node_modules/react-dom/cjs/react-dom-client.development.js:18757:9)
      at scheduleUpdateOnFiber (node_modules/react-dom/cjs/react-dom-client.development.js:16409:11)
      at dispatchSetStateInternal (node_modules/react-dom/cjs/react-dom-client.development.js:9170:13)
      at dispatchSetState (node_modules/react-dom/cjs/react-dom-client.development.js:9127:7)
      at setIsLoadingDrafts (C:\Users\kjlup\projects\websites\insta-auto\insta-auto\sns-instagram\app\(dashboard)../../
../../../../../create/hooks/useProjectData.ts:76:17)

    console.error
      An update to TestComponent inside a test was not wrapped in act(...).
      
      When testing, code that causes React state updates should be wrapped into act(...):
      
      act(() => {
        /* fire events that update state */
      });
      /* assert on the output */
      
      This ensures that you're testing the behavior the user would see in the browser. Learn more at 
https://react.dev/link/wrap-tests-with-act

    [0m [90m 87 |[39m                 }
     [90m 88 |[39m             } [36mfinally[39m {
    [31m[1m>[22m[39m[90m 89 |[39m                 setIsLoadingProjectImages([36mfalse[39m)
     [90m    |[39m                 [31m[1m^[22m[39m
     [90m 90 |[39m             }
     [90m 91 |[39m         }
     [90m 92 |[39m[0m

      at node_modules/react-dom/cjs/react-dom-client.development.js:18758:19
      at runWithFiberInDEV (node_modules/react-dom/cjs/react-dom-client.development.js:874:13)
      at warnIfUpdatesNotWrappedWithActDEV (node_modules/react-dom/cjs/react-dom-client.development.js:18757:9)
      at scheduleUpdateOnFiber (node_modules/react-dom/cjs/react-dom-client.development.js:16409:11)
      at dispatchSetStateInternal (node_modules/react-dom/cjs/react-dom-client.development.js:9170:13)
      at dispatchSetState (node_modules/react-dom/cjs/react-dom-client.development.js:9127:7)
      at setIsLoadingProjectImages (C:\Users\kjlup\projects\websites\insta-auto\insta-auto\sns-instagram\app\(dashboard
)../../../../../../../create/hooks/useProjectData.ts:89:17)

    console.error
      An update to TestComponent inside a test was not wrapped in act(...).
      
      When testing, code that causes React state updates should be wrapped into act(...):
      
      act(() => {
        /* fire events that update state */
      });
      /* assert on the output */
      
      This ensures that you're testing the behavior the user would see in the browser. Learn more at 
https://react.dev/link/wrap-tests-with-act

    [0m [90m 61 |[39m                 }
     [90m 62 |[39m             } [36mfinally[39m {
    [31m[1m>[22m[39m[90m 63 |[39m                 setIsLoadingHistory([36mfalse[39m)
     [90m    |[39m                 [31m[1m^[22m[39m
     [90m 64 |[39m             }
     [90m 65 |[39m         }
     [90m 66 |[39m[0m

      at node_modules/react-dom/cjs/react-dom-client.development.js:18758:19
      at runWithFiberInDEV (node_modules/react-dom/cjs/react-dom-client.development.js:874:13)
      at warnIfUpdatesNotWrappedWithActDEV (node_modules/react-dom/cjs/react-dom-client.development.js:18757:9)
      at scheduleUpdateOnFiber (node_modules/react-dom/cjs/react-dom-client.development.js:16409:11)
      at dispatchSetStateInternal (node_modules/react-dom/cjs/react-dom-client.development.js:9170:13)
      at dispatchSetState (node_modules/react-dom/cjs/react-dom-client.development.js:9127:7)
      at setIsLoadingHistory (C:\Users\kjlup\projects\websites\insta-auto\insta-auto\sns-instagram\app\(dashboard)../..
/../../../../../create/hooks/useProjectData.ts:63:17)

    console.error
      An update to TestComponent inside a test was not wrapped in act(...).
      
      When testing, code that causes React state updates should be wrapped into act(...):
      
      act(() => {
        /* fire events that update state */
      });
      /* assert on the output */
      
      This ensures that you're testing the behavior the user would see in the browser. Learn more at 
https://react.dev/link/wrap-tests-with-act

    [0m [90m 74 |[39m                 }
     [90m 75 |[39m             } [36mfinally[39m {
    [31m[1m>[22m[39m[90m 76 |[39m                 setIsLoadingDrafts([36mfalse[39m)
     [90m    |[39m                 [31m[1m^[22m[39m
     [90m 77 |[39m             }
     [90m 78 |[39m         }
     [90m 79 |[39m[0m

      at node_modules/react-dom/cjs/react-dom-client.development.js:18758:19
      at runWithFiberInDEV (node_modules/react-dom/cjs/react-dom-client.development.js:874:13)
      at warnIfUpdatesNotWrappedWithActDEV (node_modules/react-dom/cjs/react-dom-client.development.js:18757:9)
      at scheduleUpdateOnFiber (node_modules/react-dom/cjs/react-dom-client.development.js:16409:11)
      at dispatchSetStateInternal (node_modules/react-dom/cjs/react-dom-client.development.js:9170:13)
      at dispatchSetState (node_modules/react-dom/cjs/react-dom-client.development.js:9127:7)
      at setIsLoadingDrafts (C:\Users\kjlup\projects\websites\insta-auto\insta-auto\sns-instagram\app\(dashboard)../../
../../../../../create/hooks/useProjectData.ts:76:17)

    console.error
      An update to TestComponent inside a test was not wrapped in act(...).
      
      When testing, code that causes React state updates should be wrapped into act(...):
      
      act(() => {
        /* fire events that update state */
      });
      /* assert on the output */
      
      This ensures that you're testing the behavior the user would see in the browser. Learn more at 
https://react.dev/link/wrap-tests-with-act

    [0m [90m 87 |[39m                 }
     [90m 88 |[39m             } [36mfinally[39m {
    [31m[1m>[22m[39m[90m 89 |[39m                 setIsLoadingProjectImages([36mfalse[39m)
     [90m    |[39m                 [31m[1m^[22m[39m
     [90m 90 |[39m             }
     [90m 91 |[39m         }
     [90m 92 |[39m[0m

      at node_modules/react-dom/cjs/react-dom-client.development.js:18758:19
      at runWithFiberInDEV (node_modules/react-dom/cjs/react-dom-client.development.js:874:13)
      at warnIfUpdatesNotWrappedWithActDEV (node_modules/react-dom/cjs/react-dom-client.development.js:18757:9)
      at scheduleUpdateOnFiber (node_modules/react-dom/cjs/react-dom-client.development.js:16409:11)
      at dispatchSetStateInternal (node_modules/react-dom/cjs/react-dom-client.development.js:9170:13)
      at dispatchSetState (node_modules/react-dom/cjs/react-dom-client.development.js:9127:7)
      at setIsLoadingProjectImages (C:\Users\kjlup\projects\websites\insta-auto\insta-auto\sns-instagram\app\(dashboard
)../../../../../../../create/hooks/useProjectData.ts:89:17)

    console.error
      [useProjectData] Failed to get signed URL for: photo.jpg

    [0m [90m 111 |[39m
     [90m 112 |[39m                 [36mif[39m (urlError [33m||[39m [33m![39mtoken [33m||[39m 
[33m![39mpath [33m||[39m [33m![39mstoragePath [33m||[39m [33m![39mpublicUrl) {
    [31m[1m>[22m[39m[90m 113 |[39m                     console[33m.[39merror([32m'[useProjectData] Failed to 
get signed URL for:'[39m[33m,[39m file[33m.[39mname)
     [90m     |[39m                             [31m[1m^[22m[39m
     [90m 114 |[39m                     [36mcontinue[39m
     [90m 115 |[39m                 }
     [90m 116 |[39m[0m

      at Object.error [as handleLibraryUpload] (C:\Users\kjlup\projects\websites\insta-auto\insta-auto\sns-instagram\ap
p\(dashboard)../../../../../../../create/hooks/useProjectData.ts:113:29)
      at __tests__/unit/create/useProjectData.test.ts:179:7

  ΓùÅ useProjectData ΓÇ║ project switching triggers data fetch ΓÇ║ should fetch history, drafts, and images when 
switching selectedProjectId

    TypeError: Cannot read properties of undefined (reading 'ok')

    [0m [90m 56 |[39m             [36mtry[39m {
     [90m 57 |[39m                 [36mconst[39m res [33m=[39m [36mawait[39m 
fetch([32m`/api/projects/${selectedProjectId}/history`[39m)
    [31m[1m>[22m[39m[90m 58 |[39m                 [36mif[39m (res[33m.[39mok) {
     [90m    |[39m                         [31m[1m^[22m[39m
     [90m 59 |[39m                     [36mconst[39m data [33m=[39m [36mawait[39m res[33m.[39mjson()
     [90m 60 |[39m                     setHistory(data[33m.[39mhistory [33m||[39m [])
     [90m 61 |[39m                 }[0m

      at ok (C:\Users\kjlup\projects\websites\insta-auto\insta-auto\sns-instagram\app\(dashboard)../../../../../../../c
reate/hooks/useProjectData.ts:58:25)

  ΓùÅ useProjectData ΓÇ║ project switching triggers data fetch ΓÇ║ should fetch history, drafts, and images when 
switching selectedProjectId

    TypeError: Cannot read properties of undefined (reading 'ok')

    [0m [90m 69 |[39m             [36mtry[39m {
     [90m 70 |[39m                 [36mconst[39m res [33m=[39m [36mawait[39m 
fetch([32m`/api/projects/${selectedProjectId}/drafts`[39m)
    [31m[1m>[22m[39m[90m 71 |[39m                 [36mif[39m (res[33m.[39mok) {
     [90m    |[39m                         [31m[1m^[22m[39m
     [90m 72 |[39m                     [36mconst[39m data [33m=[39m [36mawait[39m res[33m.[39mjson()
     [90m 73 |[39m                     setDrafts(data[33m.[39mdrafts [33m||[39m [])
     [90m 74 |[39m                 }[0m

      at ok (C:\Users\kjlup\projects\websites\insta-auto\insta-auto\sns-instagram\app\(dashboard)../../../../../../../c
reate/hooks/useProjectData.ts:71:25)

  ΓùÅ useProjectData ΓÇ║ project switching triggers data fetch ΓÇ║ should fetch history, drafts, and images when 
switching selectedProjectId

    TypeError: Cannot read properties of undefined (reading 'ok')

    [0m [90m 82 |[39m             [36mtry[39m {
     [90m 83 |[39m                 [36mconst[39m res [33m=[39m [36mawait[39m 
fetch([32m`/api/projects/${selectedProjectId}/images`[39m)
    [31m[1m>[22m[39m[90m 84 |[39m                 [36mif[39m (res[33m.[39mok) {
     [90m    |[39m                         [31m[1m^[22m[39m
     [90m 85 |[39m                     [36mconst[39m data [33m=[39m [36mawait[39m res[33m.[39mjson()
     [90m 86 |[39m                     setProjectImages(data)
     [90m 87 |[39m                 }[0m

      at ok (C:\Users\kjlup\projects\websites\insta-auto\insta-auto\sns-instagram\app\(dashboard)../../../../../../../c
reate/hooks/useProjectData.ts:84:25)

  ΓùÅ useProjectData ΓÇ║ project switching triggers data fetch ΓÇ║ should fetch history, drafts, and images when 
switching selectedProjectId

    TypeError: Cannot read properties of undefined (reading 'ok')

    [0m [90m 56 |[39m             [36mtry[39m {
     [90m 57 |[39m                 [36mconst[39m res [33m=[39m [36mawait[39m 
fetch([32m`/api/projects/${selectedProjectId}/history`[39m)
    [31m[1m>[22m[39m[90m 58 |[39m                 [36mif[39m (res[33m.[39mok) {
     [90m    |[39m                         [31m[1m^[22m[39m
     [90m 59 |[39m                     [36mconst[39m data [33m=[39m [36mawait[39m res[33m.[39mjson()
     [90m 60 |[39m                     setHistory(data[33m.[39mhistory [33m||[39m [])
     [90m 61 |[39m                 }[0m

      at ok (C:\Users\kjlup\projects\websites\insta-auto\insta-auto\sns-instagram\app\(dashboard)../../../../../../../c
reate/hooks/useProjectData.ts:58:25)

  ΓùÅ useProjectData ΓÇ║ project switching triggers data fetch ΓÇ║ should fetch history, drafts, and images when 
switching selectedProjectId

    TypeError: Cannot read properties of undefined (reading 'ok')

    [0m [90m 69 |[39m             [36mtry[39m {
     [90m 70 |[39m                 [36mconst[39m res [33m=[39m [36mawait[39m 
fetch([32m`/api/projects/${selectedProjectId}/drafts`[39m)
    [31m[1m>[22m[39m[90m 71 |[39m                 [36mif[39m (res[33m.[39mok) {
     [90m    |[39m                         [31m[1m^[22m[39m
     [90m 72 |[39m                     [36mconst[39m data [33m=[39m [36mawait[39m res[33m.[39mjson()
     [90m 73 |[39m                     setDrafts(data[33m.[39mdrafts [33m||[39m [])
     [90m 74 |[39m                 }[0m

      at ok (C:\Users\kjlup\projects\websites\insta-auto\insta-auto\sns-instagram\app\(dashboard)../../../../../../../c
reate/hooks/useProjectData.ts:71:25)

  ΓùÅ useProjectData ΓÇ║ project switching triggers data fetch ΓÇ║ should fetch history, drafts, and images when 
switching selectedProjectId

    TypeError: Cannot read properties of undefined (reading 'ok')

    [0m [90m 82 |[39m             [36mtry[39m {
     [90m 83 |[39m                 [36mconst[39m res [33m=[39m [36mawait[39m 
fetch([32m`/api/projects/${selectedProjectId}/images`[39m)
    [31m[1m>[22m[39m[90m 84 |[39m                 [36mif[39m (res[33m.[39mok) {
     [90m    |[39m                         [31m[1m^[22m[39m
     [90m 85 |[39m                     [36mconst[39m data [33m=[39m [36mawait[39m res[33m.[39mjson()
     [90m 86 |[39m                     setProjectImages(data)
     [90m 87 |[39m                 }[0m

      at ok (C:\Users\kjlup\projects\websites\insta-auto\insta-auto\sns-instagram\app\(dashboard)../../../../../../../c
reate/hooks/useProjectData.ts:84:25)

  ΓùÅ useProjectData ΓÇ║ project switching triggers data fetch ΓÇ║ should fetch history, drafts, and images when 
switching selectedProjectId

    TypeError: Cannot read properties of undefined (reading 'ok')

    [0m [90m 56 |[39m             [36mtry[39m {
     [90m 57 |[39m                 [36mconst[39m res [33m=[39m [36mawait[39m 
fetch([32m`/api/projects/${selectedProjectId}/history`[39m)
    [31m[1m>[22m[39m[90m 58 |[39m                 [36mif[39m (res[33m.[39mok) {
     [90m    |[39m                         [31m[1m^[22m[39m
     [90m 59 |[39m                     [36mconst[39m data [33m=[39m [36mawait[39m res[33m.[39mjson()
     [90m 60 |[39m                     setHistory(data[33m.[39mhistory [33m||[39m [])
     [90m 61 |[39m                 }[0m

      at ok (C:\Users\kjlup\projects\websites\insta-auto\insta-auto\sns-instagram\app\(dashboard)../../../../../../../c
reate/hooks/useProjectData.ts:58:25)

  ΓùÅ useProjectData ΓÇ║ project switching triggers data fetch ΓÇ║ should fetch history, drafts, and images when 
switching selectedProjectId

    TypeError: Cannot read properties of undefined (reading 'ok')

    [0m [90m 69 |[39m             [36mtry[39m {
     [90m 70 |[39m                 [36mconst[39m res [33m=[39m [36mawait[39m 
fetch([32m`/api/projects/${selectedProjectId}/drafts`[39m)
    [31m[1m>[22m[39m[90m 71 |[39m                 [36mif[39m (res[33m.[39mok) {
     [90m    |[39m                         [31m[1m^[22m[39m
     [90m 72 |[39m                     [36mconst[39m data [33m=[39m [36mawait[39m res[33m.[39mjson()
     [90m 73 |[39m                     setDrafts(data[33m.[39mdrafts [33m||[39m [])
     [90m 74 |[39m                 }[0m

      at ok (C:\Users\kjlup\projects\websites\insta-auto\insta-auto\sns-instagram\app\(dashboard)../../../../../../../c
reate/hooks/useProjectData.ts:71:25)

  ΓùÅ useProjectData ΓÇ║ project switching triggers data fetch ΓÇ║ should fetch history, drafts, and images when 
switching selectedProjectId

    TypeError: Cannot read properties of undefined (reading 'ok')

    [0m [90m 82 |[39m             [36mtry[39m {
     [90m 83 |[39m                 [36mconst[39m res [33m=[39m [36mawait[39m 
fetch([32m`/api/projects/${selectedProjectId}/images`[39m)
    [31m[1m>[22m[39m[90m 84 |[39m                 [36mif[39m (res[33m.[39mok) {
     [90m    |[39m                         [31m[1m^[22m[39m
     [90m 85 |[39m                     [36mconst[39m data [33m=[39m [36mawait[39m res[33m.[39mjson()
     [90m 86 |[39m                     setProjectImages(data)
     [90m 87 |[39m                 }[0m

      at ok (C:\Users\kjlup\projects\websites\insta-auto\insta-auto\sns-instagram\app\(dashboard)../../../../../../../c
reate/hooks/useProjectData.ts:84:25)

  ΓùÅ useProjectData ΓÇ║ project switching triggers data fetch ΓÇ║ should fetch history, drafts, and images when 
switching selectedProjectId

    TypeError: Cannot read properties of undefined (reading 'ok')

    [0m [90m 56 |[39m             [36mtry[39m {
     [90m 57 |[39m                 [36mconst[39m res [33m=[39m [36mawait[39m 
fetch([32m`/api/projects/${selectedProjectId}/history`[39m)
    [31m[1m>[22m[39m[90m 58 |[39m                 [36mif[39m (res[33m.[39mok) {
     [90m    |[39m                         [31m[1m^[22m[39m
     [90m 59 |[39m                     [36mconst[39m data [33m=[39m [36mawait[39m res[33m.[39mjson()
     [90m 60 |[39m                     setHistory(data[33m.[39mhistory [33m||[39m [])
     [90m 61 |[39m                 }[0m

      at ok (C:\Users\kjlup\projects\websites\insta-auto\insta-auto\sns-instagram\app\(dashboard)../../../../../../../c
reate/hooks/useProjectData.ts:58:25)

  ΓùÅ useProjectData ΓÇ║ project switching triggers data fetch ΓÇ║ should fetch history, drafts, and images when 
switching selectedProjectId

    TypeError: Cannot read properties of undefined (reading 'ok')

    [0m [90m 69 |[39m             [36mtry[39m {
     [90m 70 |[39m                 [36mconst[39m res [33m=[39m [36mawait[39m 
fetch([32m`/api/projects/${selectedProjectId}/drafts`[39m)
    [31m[1m>[22m[39m[90m 71 |[39m                 [36mif[39m (res[33m.[39mok) {
     [90m    |[39m                         [31m[1m^[22m[39m
     [90m 72 |[39m                     [36mconst[39m data [33m=[39m [36mawait[39m res[33m.[39mjson()
     [90m 73 |[39m                     setDrafts(data[33m.[39mdrafts [33m||[39m [])
     [90m 74 |[39m                 }[0m

      at ok (C:\Users\kjlup\projects\websites\insta-auto\insta-auto\sns-instagram\app\(dashboard)../../../../../../../c
reate/hooks/useProjectData.ts:71:25)

  ΓùÅ useProjectData ΓÇ║ project switching triggers data fetch ΓÇ║ should fetch history, drafts, and images when 
switching selectedProjectId

    TypeError: Cannot read properties of undefined (reading 'ok')

    [0m [90m 82 |[39m             [36mtry[39m {
     [90m 83 |[39m                 [36mconst[39m res [33m=[39m [36mawait[39m 
fetch([32m`/api/projects/${selectedProjectId}/images`[39m)
    [31m[1m>[22m[39m[90m 84 |[39m                 [36mif[39m (res[33m.[39mok) {
     [90m    |[39m                         [31m[1m^[22m[39m
     [90m 85 |[39m                     [36mconst[39m data [33m=[39m [36mawait[39m res[33m.[39mjson()
     [90m 86 |[39m                     setProjectImages(data)
     [90m 87 |[39m                 }[0m

      at ok (C:\Users\kjlup\projects\websites\insta-auto\insta-auto\sns-instagram\app\(dashboard)../../../../../../../c
reate/hooks/useProjectData.ts:84:25)

  ΓùÅ useProjectData ΓÇ║ project switching triggers data fetch ΓÇ║ should fetch history, drafts, and images when 
switching selectedProjectId

    TypeError: Cannot read properties of undefined (reading 'ok')

    [0m [90m 56 |[39m             [36mtry[39m {
     [90m 57 |[39m                 [36mconst[39m res [33m=[39m [36mawait[39m 
fetch([32m`/api/projects/${selectedProjectId}/history`[39m)
    [31m[1m>[22m[39m[90m 58 |[39m                 [36mif[39m (res[33m.[39mok) {
     [90m    |[39m                         [31m[1m^[22m[39m
     [90m 59 |[39m                     [36mconst[39m data [33m=[39m [36mawait[39m res[33m.[39mjson()
     [90m 60 |[39m                     setHistory(data[33m.[39mhistory [33m||[39m [])
     [90m 61 |[39m                 }[0m

      at ok (C:\Users\kjlup\projects\websites\insta-auto\insta-auto\sns-instagram\app\(dashboard)../../../../../../../c
reate/hooks/useProjectData.ts:58:25)

  ΓùÅ useProjectData ΓÇ║ project switching triggers data fetch ΓÇ║ should fetch history, drafts, and images when 
switching selectedProjectId

    TypeError: Cannot read properties of undefined (reading 'ok')

    [0m [90m 69 |[39m             [36mtry[39m {
     [90m 70 |[39m                 [36mconst[39m res [33m=[39m [36mawait[39m 
fetch([32m`/api/projects/${selectedProjectId}/drafts`[39m)
    [31m[1m>[22m[39m[90m 71 |[39m                 [36mif[39m (res[33m.[39mok) {
     [90m    |[39m                         [31m[1m^[22m[39m
     [90m 72 |[39m                     [36mconst[39m data [33m=[39m [36mawait[39m res[33m.[39mjson()
     [90m 73 |[39m                     setDrafts(data[33m.[39mdrafts [33m||[39m [])
     [90m 74 |[39m                 }[0m

      at ok (C:\Users\kjlup\projects\websites\insta-auto\insta-auto\sns-instagram\app\(dashboard)../../../../../../../c
reate/hooks/useProjectData.ts:71:25)

  ΓùÅ useProjectData ΓÇ║ project switching triggers data fetch ΓÇ║ should fetch history, drafts, and images when 
switching selectedProjectId

    TypeError: Cannot read properties of undefined (reading 'ok')

    [0m [90m 82 |[39m             [36mtry[39m {
     [90m 83 |[39m                 [36mconst[39m res [33m=[39m [36mawait[39m 
fetch([32m`/api/projects/${selectedProjectId}/images`[39m)
    [31m[1m>[22m[39m[90m 84 |[39m                 [36mif[39m (res[33m.[39mok) {
     [90m    |[39m                         [31m[1m^[22m[39m
     [90m 85 |[39m                     [36mconst[39m data [33m=[39m [36mawait[39m res[33m.[39mjson()
     [90m 86 |[39m                     setProjectImages(data)
     [90m 87 |[39m                 }[0m

      at ok (C:\Users\kjlup\projects\websites\insta-auto\insta-auto\sns-instagram\app\(dashboard)../../../../../../../c
reate/hooks/useProjectData.ts:84:25)

  ΓùÅ useProjectData ΓÇ║ project switching triggers data fetch ΓÇ║ should fetch history, drafts, and images when 
switching selectedProjectId

    TypeError: Cannot read properties of undefined (reading 'ok')

    [0m [90m 56 |[39m             [36mtry[39m {
     [90m 57 |[39m                 [36mconst[39m res [33m=[39m [36mawait[39m 
fetch([32m`/api/projects/${selectedProjectId}/history`[39m)
    [31m[1m>[22m[39m[90m 58 |[39m                 [36mif[39m (res[33m.[39mok) {
     [90m    |[39m                         [31m[1m^[22m[39m
     [90m 59 |[39m                     [36mconst[39m data [33m=[39m [36mawait[39m res[33m.[39mjson()
     [90m 60 |[39m                     setHistory(data[33m.[39mhistory [33m||[39m [])
     [90m 61 |[39m                 }[0m

      at ok (C:\Users\kjlup\projects\websites\insta-auto\insta-auto\sns-instagram\app\(dashboard)../../../../../../../c
reate/hooks/useProjectData.ts:58:25)

  ΓùÅ useProjectData ΓÇ║ project switching triggers data fetch ΓÇ║ should fetch history, drafts, and images when 
switching selectedProjectId

    TypeError: Cannot read properties of undefined (reading 'ok')

    [0m [90m 69 |[39m             [36mtry[39m {
     [90m 70 |[39m                 [36mconst[39m res [33m=[39m [36mawait[39m 
fetch([32m`/api/projects/${selectedProjectId}/drafts`[39m)
    [31m[1m>[22m[39m[90m 71 |[39m                 [36mif[39m (res[33m.[39mok) {
     [90m    |[39m                         [31m[1m^[22m[39m
     [90m 72 |[39m                     [36mconst[39m data [33m=[39m [36mawait[39m res[33m.[39mjson()
     [90m 73 |[39m                     setDrafts(data[33m.[39mdrafts [33m||[39m [])
     [90m 74 |[39m                 }[0m

      at ok (C:\Users\kjlup\projects\websites\insta-auto\insta-auto\sns-instagram\app\(dashboard)../../../../../../../c
reate/hooks/useProjectData.ts:71:25)

  ΓùÅ useProjectData ΓÇ║ project switching triggers data fetch ΓÇ║ should fetch history, drafts, and images when 
switching selectedProjectId

    TypeError: Cannot read properties of undefined (reading 'ok')

    [0m [90m 82 |[39m             [36mtry[39m {
     [90m 83 |[39m                 [36mconst[39m res [33m=[39m [36mawait[39m 
fetch([32m`/api/projects/${selectedProjectId}/images`[39m)
    [31m[1m>[22m[39m[90m 84 |[39m                 [36mif[39m (res[33m.[39mok) {
     [90m    |[39m                         [31m[1m^[22m[39m
     [90m 85 |[39m                     [36mconst[39m data [33m=[39m [36mawait[39m res[33m.[39mjson()
     [90m 86 |[39m                     setProjectImages(data)
     [90m 87 |[39m                 }[0m

      at ok (C:\Users\kjlup\projects\websites\insta-auto\insta-auto\sns-instagram\app\(dashboard)../../../../../../../c
reate/hooks/useProjectData.ts:84:25)

  ΓùÅ useProjectData ΓÇ║ project switching triggers data fetch ΓÇ║ should clear data when switching to empty project

    expect(received).toEqual(expected) // deep equality

    Expected: []
    Received: {"drafts": [], "history": [], "images": []}

    [0m [90m 83 |[39m     expect(result[33m.[39mcurrent[33m.[39mhistory)[33m.[39mtoEqual([])
     [90m 84 |[39m     expect(result[33m.[39mcurrent[33m.[39mdrafts)[33m.[39mtoEqual([])
    [31m[1m>[22m[39m[90m 85 |[39m     
expect(result[33m.[39mcurrent[33m.[39mprojectImages)[33m.[39mtoEqual([])
     [90m    |[39m                                          [31m[1m^[22m[39m
     [90m 86 |[39m   })
     [90m 87 |[39m
     [90m 88 |[39m   it([32m'should not crash and leave state empty on failed fetch'[39m[33m,[39m 
[36masync[39m () [33m=>[39m {[0m

      at Object.toEqual (__tests__/unit/create/useProjectData.test.ts:85:42)

  ΓùÅ useProjectData ΓÇ║ handleLibraryUpload ΓÇ║ should set isLibraryUploading to true during upload and false after

    expect(received).toBe(expected) // Object.is equality

    Expected: true
    Received: false

    [0m [90m 145 |[39m     })
     [90m 146 |[39m
    [31m[1m>[22m[39m[90m 147 |[39m     expect(uploadingStateDuringAct)[33m.[39mtoBe([36mtrue[39m)
     [90m     |[39m                                     [31m[1m^[22m[39m
     [90m 148 |[39m     expect(result[33m.[39mcurrent[33m.[39misLibraryUploading)[33m.[39mtoBe([36mfalse[39m)
     [90m 149 |[39m   })
     [90m 150 |[39m[0m

      at Object.toBe (__tests__/unit/create/useProjectData.test.ts:147:37)

  ΓùÅ useProjectData ΓÇ║ handleLibraryUpload ΓÇ║ should skip file and continue on failed signed URL

    expect(jest.fn()).toHaveBeenCalledWith(...expected)

    Expected: "p1", []

    Number of calls: 0

    [0m [90m 180 |[39m     })
     [90m 181 |[39m
    [31m[1m>[22m[39m[90m 182 |[39m     
expect(mockRegisterImages)[33m.[39mtoHaveBeenCalledWith([32m'p1'[39m[33m,[39m [])
     [90m     |[39m                                [31m[1m^[22m[39m
     [90m 183 |[39m   })
     [90m 184 |[39m })
     [90m 185 |[39m[0m

      at Object.toHaveBeenCalledWith (__tests__/unit/create/useProjectData.test.ts:182:32)

Test Suites: 4 failed, 4 total
Tests:       20 failed, 81 passed, 101 total
Snapshots:   0 total
Time:        3.959 s
Ran all test suites matching __tests__/unit/create/useProjectData.test.ts|__tests__/unit/create/createActions.test.ts|_
_tests__/unit/create/usePublishing.test.ts|__tests__/unit/api/apiRoutes.test.ts.
